Component: ARM Compiler 5.05 update 1 (build 106) Tool: armlink [4d0efa]

==============================================================================

Section Cross References

    main.o(i.Communicate_Task) refers to communicate_task.o(i.GimbalDataSend) for GimbalDataSend
    main.o(i.Communicate_Task) refers to tasks.o(i.vTaskDelay) for vTaskDelay
    main.o(i.Communicate_Task) refers to main.o(.data) for TaskStartTime
    main.o(i.Communicate_Task) refers to global_declare.o(.bss) for systemMonitor
    main.o(i.LED_Task) refers to led_task.o(i.LEDStateChange) for LEDStateChange
    main.o(i.LED_Task) refers to tasks.o(i.vTaskDelay) for vTaskDelay
    main.o(i.LED_Task) refers to main.o(.data) for TaskStartTime
    main.o(i.LED_Task) refers to global_declare.o(.bss) for systemMonitor
    main.o(i.Monitor_Task) refers to systemmonitor_task.o(i.SystemMonitorDetect) for SystemMonitorDetect
    main.o(i.Monitor_Task) refers to tasks.o(i.vTaskDelay) for vTaskDelay
    main.o(i.Monitor_Task) refers to main.o(.data) for TaskStartTime
    main.o(i.Monitor_Task) refers to global_declare.o(.bss) for systemMonitor
    main.o(i.StateDataSend_Task) refers to senddata_task.o(i.StateDataSend) for StateDataSend
    main.o(i.StateDataSend_Task) refers to tasks.o(i.vTaskDelay) for vTaskDelay
    main.o(i.StateDataSend_Task) refers to main.o(.data) for TaskStartTime
    main.o(i.StateDataSend_Task) refers to global_declare.o(.bss) for systemMonitor
    main.o(i.Task_Create) refers to port.o(i.vPortEnterCritical) for vPortEnterCritical
    main.o(i.Task_Create) refers to queue.o(i.xQueueGenericCreate) for xQueueGenericCreate
    main.o(i.Task_Create) refers to tasks.o(i.xTaskCreate) for xTaskCreate
    main.o(i.Task_Create) refers to port.o(i.vPortExitCritical) for vPortExitCritical
    main.o(i.Task_Create) refers to main.o(.data) for Test_Queue
    main.o(i.Task_Create) refers to main.o(i.LED_Task) for LED_Task
    main.o(i.Task_Create) refers to main.o(i.Monitor_Task) for Monitor_Task
    main.o(i.Task_Create) refers to main.o(i.StateDataSend_Task) for StateDataSend_Task
    main.o(i.Task_Create) refers to main.o(i.Communicate_Task) for Communicate_Task
    main.o(i.main) refers to bsp_init.o(i.BSP_Init) for BSP_Init
    main.o(i.main) refers to main.o(i.Task_Create) for Task_Create
    main.o(i.main) refers to tasks.o(i.vTaskStartScheduler) for vTaskStartScheduler
    stm32f4xx_it.o(i.SysTick_Handler) refers to tasks.o(i.xTaskGetSchedulerState) for xTaskGetSchedulerState
    stm32f4xx_it.o(i.SysTick_Handler) refers to port.o(i.xPortSysTickHandler) for xPortSysTickHandler
    stm32f4xx_it.o(i.SysTick_Handler) refers to global_declare.o(.bss) for systemMonitor
    stm32f4xx_it.o(i.UART4_IRQHandler) refers to stm32f4xx_usart.o(i.USART_GetITStatus) for USART_GetITStatus
    stm32f4xx_it.o(i.UART4_IRQHandler) refers to stm32f4xx_dma.o(i.DMA_Cmd) for DMA_Cmd
    stm32f4xx_it.o(i.UART4_IRQHandler) refers to global_declare.o(.bss) for TestBox
    stm32f4xx_it.o(i.USART2_IRQHandler) refers to stm32f4xx_usart.o(i.USART_GetITStatus) for USART_GetITStatus
    stm32f4xx_it.o(i.USART2_IRQHandler) refers to global_declare.o(.bss) for systemMonitor
    stm32f4xx_it.o(i.USART3_IRQHandler) refers to stm32f4xx_usart.o(i.USART_GetITStatus) for USART_GetITStatus
    stm32f4xx_it.o(i.USART3_IRQHandler) refers to gimbal_protocol.o(i.GimbalDataProtocol) for GimbalDataProtocol
    stm32f4xx_it.o(i.USART3_IRQHandler) refers to stm32f4xx_dma.o(i.DMA_Cmd) for DMA_Cmd
    stm32f4xx_it.o(i.USART3_IRQHandler) refers to global_declare.o(.bss) for systemMonitor
    bsp_init.o(i.BSP_Init) refers to misc.o(i.NVIC_PriorityGroupConfig) for NVIC_PriorityGroupConfig
    bsp_init.o(i.BSP_Init) refers to tim.o(i.TIM5_Configuration) for TIM5_Configuration
    bsp_init.o(i.BSP_Init) refers to led.o(i.led_init) for led_init
    bsp_init.o(i.BSP_Init) refers to usart.o(i.usart2_init) for usart2_init
    bsp_init.o(i.BSP_Init) refers to usart.o(i.usart3_init) for usart3_init
    bsp_init.o(i.BSP_Init) refers to usart.o(i.uart4_init) for uart4_init
    verify.o(i.Append_CRC16_Check_Sum) refers to verify.o(i.Get_CRC16_Check_Sum) for Get_CRC16_Check_Sum
    verify.o(i.Append_CRC16_Check_Sum) refers to verify.o(.data) for CRC16_INIT
    verify.o(i.Append_CRC8_Check_Sum) refers to verify.o(i.Get_CRC8_Check_Sum) for Get_CRC8_Check_Sum
    verify.o(i.Get_CRC16_Check_Sum) refers to verify.o(.constdata) for CRC16_Table
    verify.o(i.Get_CRC8_Check_Sum) refers to verify.o(.constdata) for CRC8_TAB
    verify.o(i.Verify_CRC16_Check_Sum) refers to verify.o(i.Get_CRC16_Check_Sum) for Get_CRC16_Check_Sum
    verify.o(i.Verify_CRC16_Check_Sum) refers to verify.o(.data) for CRC16_INIT
    verify.o(i.Verify_CRC8_Check_Sum) refers to verify.o(i.Get_CRC8_Check_Sum) for Get_CRC8_Check_Sum
    gimbal_protocol.o(i.GimbalDataProtocol) refers to verify.o(i.Verify_CRC16_Check_Sum) for Verify_CRC16_Check_Sum
[...]
    Removing stm32f4xx_fsmc.o(i.FSMC_GetECC), (28 bytes).
    Removing stm32f4xx_fsmc.o(i.FSMC_GetFlagStatus), (56 bytes).
    Removing stm32f4xx_fsmc.o(i.FSMC_GetITStatus), (68 bytes).
    Removing stm32f4xx_fsmc.o(i.FSMC_ITConfig), (128 bytes).
    Removing stm32f4xx_fsmc.o(i.FSMC_NANDCmd), (92 bytes).
    Removing stm32f4xx_fsmc.o(i.FSMC_NANDDeInit), (68 bytes).
    Removing stm32f4xx_fsmc.o(i.FSMC_NANDECCCmd), (92 bytes).
    Removing stm32f4xx_fsmc.o(i.FSMC_NANDInit), (136 bytes).
    Removing stm32f4xx_fsmc.o(i.FSMC_NANDStructInit), (54 bytes).
    Removing stm32f4xx_fsmc.o(i.FSMC_NORSRAMCmd), (52 bytes).
    Removing stm32f4xx_fsmc.o(i.FSMC_NORSRAMDeInit), (54 bytes).
    Removing stm32f4xx_fsmc.o(i.FSMC_NORSRAMInit), (230 bytes).
    Removing stm32f4xx_fsmc.o(i.FSMC_NORSRAMStructInit), (52 bytes).
    Removing stm32f4xx_fsmc.o(i.FSMC_PCCARDCmd), (48 bytes).
    Removing stm32f4xx_fsmc.o(i.FSMC_PCCARDDeInit), (40 bytes).
    Removing stm32f4xx_fsmc.o(i.FSMC_PCCARDInit), (132 bytes).
    Removing stm32f4xx_fsmc.o(i.FSMC_PCCARDStructInit), (60 bytes).
    Removing stm32f4xx_fsmc.o(.constdata), (28 bytes).
    Removing stm32f4xx_gpio.o(.rev16_text), (4 bytes).
    Removing stm32f4xx_gpio.o(.revsh_text), (4 bytes).
    Removing stm32f4xx_gpio.o(.rrx_text), (6 bytes).
    Removing stm32f4xx_gpio.o(i.GPIO_DeInit), (312 bytes).
    Removing stm32f4xx_gpio.o(i.GPIO_PinLockConfig), (34 bytes).
    Removing stm32f4xx_gpio.o(i.GPIO_ReadInputData), (8 bytes).
    Removing stm32f4xx_gpio.o(i.GPIO_ReadInputDataBit), (18 bytes).
    Removing stm32f4xx_gpio.o(i.GPIO_ReadOutputData), (8 bytes).
    Removing stm32f4xx_gpio.o(i.GPIO_ReadOutputDataBit), (18 bytes).
    Removing stm32f4xx_gpio.o(i.GPIO_ResetBits), (4 bytes).
    Removing stm32f4xx_gpio.o(i.GPIO_StructInit), (18 bytes).
    Removing stm32f4xx_gpio.o(i.GPIO_Write), (4 bytes).
    Removing stm32f4xx_gpio.o(i.GPIO_WriteBit), (10 bytes).
    Removing stm32f4xx_rcc.o(.rev16_text), (4 bytes).
    Removing stm32f4xx_rcc.o(.revsh_text), (4 bytes).
    Removing stm32f4xx_rcc.o(.rrx_text), (6 bytes).
    Removing stm32f4xx_rcc.o(i.RCC_AHB1PeriphClockLPModeCmd), (32 bytes).
    Removing stm32f4xx_rcc.o(i.RCC_AHB1PeriphResetCmd), (32 bytes).
    Removing stm32f4xx_rcc.o(i.RCC_AHB2PeriphClockCmd), (32 bytes).
    Removing stm32f4xx_rcc.o(i.RCC_AHB2PeriphClockLPModeCmd), (32 bytes).
    Removing stm32f4xx_rcc.o(i.RCC_AHB2PeriphResetCmd), (32 bytes).
    Removing stm32f4xx_rcc.o(i.RCC_AHB3PeriphClockCmd), (32 bytes).
    Removing stm32f4xx_rcc.o(i.RCC_AHB3PeriphClockLPModeCmd), (32 bytes).
    Removing stm32f4xx_rcc.o(i.RCC_AHB3PeriphResetCmd), (32 bytes).
    Removing stm32f4xx_rcc.o(i.RCC_APB1PeriphClockLPModeCmd), (32 bytes).
    Removing stm32f4xx_rcc.o(i.RCC_APB2PeriphClockCmd), (32 bytes).
    Removing stm32f4xx_rcc.o(i.RCC_APB2PeriphClockLPModeCmd), (32 bytes).
    Removing stm32f4xx_rcc.o(i.RCC_AdjustHSICalibrationValue), (24 bytes).
    Removing stm32f4xx_rcc.o(i.RCC_BackupResetCmd), (12 bytes).
    Removing stm32f4xx_rcc.o(i.RCC_ClearFlag), (20 bytes).
    Removing stm32f4xx_rcc.o(i.RCC_ClearITPendingBit), (12 bytes).
    Removing stm32f4xx_rcc.o(i.RCC_ClockSecuritySystemCmd), (12 bytes).
    Removing stm32f4xx_rcc.o(i.RCC_DeInit), (100 bytes).
    Removing stm32f4xx_rcc.o(i.RCC_GetFlagStatus), (64 bytes).
    Removing stm32f4xx_rcc.o(i.RCC_GetITStatus), (24 bytes).
    Removing stm32f4xx_rcc.o(i.RCC_GetSYSCLKSource), (16 bytes).
    Removing stm32f4xx_rcc.o(i.RCC_HCLKConfig), (24 bytes).
    Removing stm32f4xx_rcc.o(i.RCC_HSEConfig), (16 bytes).
    Removing stm32f4xx_rcc.o(i.RCC_HSICmd), (12 bytes).
    Removing stm32f4xx_rcc.o(i.RCC_I2SCLKConfig), (12 bytes).
    Removing stm32f4xx_rcc.o(i.RCC_ITConfig), (32 bytes).
    Removing stm32f4xx_rcc.o(i.RCC_LSEConfig), (44 bytes).
    Removing stm32f4xx_rcc.o(i.RCC_LSEModeConfig), (36 bytes).
    Removing stm32f4xx_rcc.o(i.RCC_LSICmd), (12 bytes).
    Removing stm32f4xx_rcc.o(i.RCC_LTDCCLKDivConfig), (24 bytes).
    Removing stm32f4xx_rcc.o(i.RCC_MCO1Config), (28 bytes).
    Removing stm32f4xx_rcc.o(i.RCC_MCO2Config), (28 bytes).
    Removing stm32f4xx_rcc.o(i.RCC_PCLK1Config), (24 bytes).
    Removing stm32f4xx_rcc.o(i.RCC_PCLK2Config), (24 bytes).
    Removing stm32f4xx_rcc.o(i.RCC_PLLCmd), (12 bytes).
    Removing stm32f4xx_rcc.o(i.RCC_PLLConfig), (36 bytes).
    Removing stm32f4xx_rcc.o(i.RCC_PLLI2SCmd), (12 bytes).
    Removing stm32f4xx_rcc.o(i.RCC_PLLI2SConfig), (16 bytes).
    Removing stm32f4xx_rcc.o(i.RCC_PLLSAICmd), (12 bytes).
    Removing stm32f4xx_rcc.o(i.RCC_PLLSAIConfig), (24 bytes).
    Removing stm32f4xx_rcc.o(i.RCC_RTCCLKCmd), (12 bytes).
    Removing stm32f4xx_rcc.o(i.RCC_RTCCLKConfig), (60 bytes).
    Removing stm32f4xx_rcc.o(i.RCC_SAIBlockACLKConfig), (24 bytes).
    Removing stm32f4xx_rcc.o(i.RCC_SAIBlockBCLKConfig), (24 bytes).
    Removing stm32f4xx_rcc.o(i.RCC_SAIPLLI2SClkDivConfig), (28 bytes).
    Removing stm32f4xx_rcc.o(i.RCC_SAIPLLSAIClkDivConfig), (28 bytes).
    Removing stm32f4xx_rcc.o(i.RCC_SYSCLKConfig), (24 bytes).
    Removing stm32f4xx_rcc.o(i.RCC_TIMCLKPresConfig), (12 bytes).
    Removing stm32f4xx_rcc.o(i.RCC_WaitForHSEStartUp), (56 bytes).
    Removing stm32f4xx_spi.o(.rev16_text), (4 bytes).
    Removing stm32f4xx_spi.o(.revsh_text), (4 bytes).
    Removing stm32f4xx_spi.o(.rrx_text), (6 bytes).
    Removing stm32f4xx_spi.o(i.I2S_Cmd), (24 bytes).
    Removing stm32f4xx_spi.o(i.I2S_FullDuplexConfig), (80 bytes).
    Removing stm32f4xx_spi.o(i.I2S_Init), (408 bytes).
    Removing stm32f4xx_spi.o(i.I2S_StructInit), (20 bytes).
    Removing stm32f4xx_spi.o(i.SPI_BiDirectionalLineConfig), (28 bytes).
    Removing stm32f4xx_spi.o(i.SPI_CalculateCRC), (24 bytes).
    Removing stm32f4xx_spi.o(i.SPI_Cmd), (24 bytes).
    Removing stm32f4xx_spi.o(i.SPI_DataSizeConfig), (18 bytes).
    Removing stm32f4xx_spi.o(i.SPI_GetCRC), (16 bytes).
    Removing stm32f4xx_spi.o(i.SPI_GetCRCPolynomial), (6 bytes).
    Removing stm32f4xx_spi.o(i.SPI_I2S_ClearFlag), (6 bytes).
    Removing stm32f4xx_spi.o(i.SPI_I2S_ClearITPendingBit), (20 bytes).
    Removing stm32f4xx_spi.o(i.SPI_I2S_DMACmd), (18 bytes).
    Removing stm32f4xx_spi.o(i.SPI_I2S_DeInit), (176 bytes).
    Removing stm32f4xx_spi.o(i.SPI_I2S_GetFlagStatus), (18 bytes).
    Removing stm32f4xx_spi.o(i.SPI_I2S_GetITStatus), (52 bytes).
    Removing stm32f4xx_spi.o(i.SPI_I2S_ITConfig), (32 bytes).
    Removing stm32f4xx_spi.o(i.SPI_I2S_ReceiveData), (6 bytes).
    Removing stm32f4xx_spi.o(i.SPI_I2S_SendData), (4 bytes).
    Removing stm32f4xx_spi.o(i.SPI_Init), (60 bytes).
    Removing stm32f4xx_spi.o(i.SPI_NSSInternalSoftwareConfig), (30 bytes).
    Removing stm32f4xx_spi.o(i.SPI_SSOutputCmd), (24 bytes).
    Removing stm32f4xx_spi.o(i.SPI_StructInit), (24 bytes).
    Removing stm32f4xx_spi.o(i.SPI_TIModeCmd), (24 bytes).
    Removing stm32f4xx_spi.o(i.SPI_TransmitCRC), (10 bytes).
    Removing stm32f4xx_syscfg.o(.rev16_text), (4 bytes).
    Removing stm32f4xx_syscfg.o(.revsh_text), (4 bytes).
    Removing stm32f4xx_syscfg.o(.rrx_text), (6 bytes).
    Removing stm32f4xx_syscfg.o(i.SYSCFG_CompensationCellCmd), (12 bytes).
    Removing stm32f4xx_syscfg.o(i.SYSCFG_DeInit), (22 bytes).
    Removing stm32f4xx_syscfg.o(i.SYSCFG_ETH_MediaInterfaceConfig), (12 bytes).
    Removing stm32f4xx_syscfg.o(i.SYSCFG_EXTILineConfig), (64 bytes).
    Removing stm32f4xx_syscfg.o(i.SYSCFG_GetCompensationCellStatus), (24 bytes).
    Removing stm32f4xx_syscfg.o(i.SYSCFG_MemoryRemapConfig), (12 bytes).
    Removing stm32f4xx_syscfg.o(i.SYSCFG_MemorySwappingBank), (12 bytes).
    Removing stm32f4xx_tim.o(.rev16_text), (4 bytes).
    Removing stm32f4xx_tim.o(.revsh_text), (4 bytes).
    Removing stm32f4xx_tim.o(.rrx_text), (6 bytes).
    Removing stm32f4xx_tim.o(i.TI1_Config), (58 bytes).
    Removing stm32f4xx_tim.o(i.TI2_Config), (80 bytes).
    Removing stm32f4xx_tim.o(i.TI3_Config), (72 bytes).
    Removing stm32f4xx_tim.o(i.TI4_Config), (80 bytes).
    Removing stm32f4xx_tim.o(i.TIM_ARRPreloadConfig), (24 bytes).
    Removing stm32f4xx_tim.o(i.TIM_BDTRConfig), (32 bytes).
    Removing stm32f4xx_tim.o(i.TIM_BDTRStructInit), (18 bytes).
    Removing stm32f4xx_tim.o(i.TIM_CCPreloadControl), (24 bytes).
    Removing stm32f4xx_tim.o(i.TIM_CCxCmd), (30 bytes).
    Removing stm32f4xx_tim.o(i.TIM_CCxNCmd), (30 bytes).
    Removing stm32f4xx_tim.o(i.TIM_ClearFlag), (6 bytes).
    Removing stm32f4xx_tim.o(i.TIM_ClearITPendingBit), (6 bytes).
    Removing stm32f4xx_tim.o(i.TIM_ClearOC1Ref), (18 bytes).
    Removing stm32f4xx_tim.o(i.TIM_ClearOC2Ref), (24 bytes).
    Removing stm32f4xx_tim.o(i.TIM_ClearOC3Ref), (18 bytes).
    Removing stm32f4xx_tim.o(i.TIM_ClearOC4Ref), (24 bytes).
    Removing stm32f4xx_tim.o(i.TIM_CounterModeConfig), (18 bytes).
    Removing stm32f4xx_tim.o(i.TIM_CtrlPWMOutputs), (30 bytes).
    Removing stm32f4xx_tim.o(i.TIM_DMACmd), (18 bytes).
    Removing stm32f4xx_tim.o(i.TIM_DMAConfig), (10 bytes).
    Removing stm32f4xx_tim.o(i.TIM_DeInit), (400 bytes).
    Removing stm32f4xx_tim.o(i.TIM_ETRClockMode1Config), (54 bytes).
    Removing stm32f4xx_tim.o(i.TIM_ETRClockMode2Config), (32 bytes).
    Removing stm32f4xx_tim.o(i.TIM_ETRConfig), (28 bytes).
    Removing stm32f4xx_tim.o(i.TIM_EncoderInterfaceConfig), (66 bytes).
    Removing stm32f4xx_tim.o(i.TIM_ForcedOC1Config), (18 bytes).
    Removing stm32f4xx_tim.o(i.TIM_ForcedOC2Config), (26 bytes).
    Removing stm32f4xx_tim.o(i.TIM_ForcedOC3Config), (18 bytes).
    Removing stm32f4xx_tim.o(i.TIM_ForcedOC4Config), (26 bytes).
    Removing stm32f4xx_tim.o(i.TIM_GenerateEvent), (4 bytes).
    Removing stm32f4xx_tim.o(i.TIM_GetCapture1), (6 bytes).
    Removing stm32f4xx_tim.o(i.TIM_GetCapture2), (6 bytes).
    Removing stm32f4xx_tim.o(i.TIM_GetCapture3), (6 bytes).
    Removing stm32f4xx_tim.o(i.TIM_GetCapture4), (6 bytes).
    Removing stm32f4xx_tim.o(i.TIM_GetCounter), (6 bytes).
    Removing stm32f4xx_tim.o(i.TIM_GetFlagStatus), (18 bytes).
    Removing stm32f4xx_tim.o(i.TIM_GetITStatus), (34 bytes).
    Removing stm32f4xx_tim.o(i.TIM_GetPrescaler), (6 bytes).
    Removing stm32f4xx_tim.o(i.TIM_ICInit), (110 bytes).
    Removing stm32f4xx_tim.o(i.TIM_ICStructInit), (18 bytes).
    Removing stm32f4xx_tim.o(i.TIM_ITConfig), (18 bytes).
    Removing stm32f4xx_tim.o(i.TIM_ITRxExternalClockConfig), (24 bytes).
    Removing stm32f4xx_tim.o(i.TIM_InternalClockConfig), (12 bytes).
    Removing stm32f4xx_tim.o(i.TIM_OC1FastConfig), (18 bytes).
    Removing stm32f4xx_tim.o(i.TIM_OC1Init), (124 bytes).
    Removing stm32f4xx_tim.o(i.TIM_OC1NPolarityConfig), (18 bytes).
    Removing stm32f4xx_tim.o(i.TIM_OC1PolarityConfig), (18 bytes).
    Removing stm32f4xx_tim.o(i.TIM_OC1PreloadConfig), (18 bytes).
    Removing stm32f4xx_tim.o(i.TIM_OC2FastConfig), (26 bytes).
    Removing stm32f4xx_tim.o(i.TIM_OC2Init), (164 bytes).
    Removing stm32f4xx_tim.o(i.TIM_OC2NPolarityConfig), (26 bytes).
    Removing stm32f4xx_tim.o(i.TIM_OC2PolarityConfig), (26 bytes).
    Removing stm32f4xx_tim.o(i.TIM_OC2PreloadConfig), (26 bytes).
    Removing stm32f4xx_tim.o(i.TIM_OC3FastConfig), (18 bytes).
    Removing stm32f4xx_tim.o(i.TIM_OC3Init), (160 bytes).
    Removing stm32f4xx_tim.o(i.TIM_OC3NPolarityConfig), (26 bytes).
    Removing stm32f4xx_tim.o(i.TIM_OC3PolarityConfig), (26 bytes).
    Removing stm32f4xx_tim.o(i.TIM_OC3PreloadConfig), (18 bytes).
    Removing stm32f4xx_tim.o(i.TIM_OC4FastConfig), (26 bytes).
    Removing stm32f4xx_tim.o(i.TIM_OC4Init), (120 bytes).
    Removing stm32f4xx_tim.o(i.TIM_OC4PolarityConfig), (26 bytes).
    Removing stm32f4xx_tim.o(i.TIM_OC4PreloadConfig), (26 bytes).
    Removing stm32f4xx_tim.o(i.TIM_OCStructInit), (20 bytes).
    Removing stm32f4xx_tim.o(i.TIM_PWMIConfig), (124 bytes).
    Removing stm32f4xx_tim.o(i.TIM_PrescalerConfig), (6 bytes).
    Removing stm32f4xx_tim.o(i.TIM_RemapConfig), (6 bytes).
    Removing stm32f4xx_tim.o(i.TIM_SelectCCDMA), (24 bytes).
    Removing stm32f4xx_tim.o(i.TIM_SelectCOM), (24 bytes).
    Removing stm32f4xx_tim.o(i.TIM_SelectHallSensor), (24 bytes).
    Removing stm32f4xx_tim.o(i.TIM_SelectInputTrigger), (18 bytes).
    Removing stm32f4xx_tim.o(i.TIM_SelectMasterSlaveMode), (18 bytes).
    Removing stm32f4xx_tim.o(i.TIM_SelectOCxM), (86 bytes).
    Removing stm32f4xx_tim.o(i.TIM_SelectOnePulseMode), (18 bytes).
    Removing stm32f4xx_tim.o(i.TIM_SelectOutputTrigger), (18 bytes).
    Removing stm32f4xx_tim.o(i.TIM_SelectSlaveMode), (18 bytes).
    Removing stm32f4xx_tim.o(i.TIM_SetAutoreload), (4 bytes).
    Removing stm32f4xx_tim.o(i.TIM_SetClockDivision), (18 bytes).
    Removing stm32f4xx_tim.o(i.TIM_SetCompare1), (4 bytes).
    Removing stm32f4xx_tim.o(i.TIM_SetCompare2), (4 bytes).
    Removing stm32f4xx_tim.o(i.TIM_SetCompare3), (4 bytes).
    Removing stm32f4xx_tim.o(i.TIM_SetCompare4), (4 bytes).
    Removing stm32f4xx_tim.o(i.TIM_SetCounter), (4 bytes).
    Removing stm32f4xx_tim.o(i.TIM_SetIC1Prescaler), (18 bytes).
    Removing stm32f4xx_tim.o(i.TIM_SetIC2Prescaler), (26 bytes).
    Removing stm32f4xx_tim.o(i.TIM_SetIC3Prescaler), (18 bytes).
    Removing stm32f4xx_tim.o(i.TIM_SetIC4Prescaler), (26 bytes).
    Removing stm32f4xx_tim.o(i.TIM_TIxExternalClockConfig), (62 bytes).
    Removing stm32f4xx_tim.o(i.TIM_TimeBaseStructInit), (18 bytes).
    Removing stm32f4xx_tim.o(i.TIM_UpdateDisableConfig), (24 bytes).
    Removing stm32f4xx_tim.o(i.TIM_UpdateRequestConfig), (24 bytes).
    Removing stm32f4xx_usart.o(.rev16_text), (4 bytes).
    Removing stm32f4xx_usart.o(.revsh_text), (4 bytes).
    Removing stm32f4xx_usart.o(.rrx_text), (6 bytes).
    Removing stm32f4xx_usart.o(i.USART_ClearFlag), (18 bytes).
    Removing stm32f4xx_usart.o(i.USART_ClearITPendingBit), (30 bytes).
    Removing stm32f4xx_usart.o(i.USART_ClockInit), (32 bytes).
    Removing stm32f4xx_usart.o(i.USART_ClockStructInit), (12 bytes).
    Removing stm32f4xx_usart.o(i.USART_GetFlagStatus), (26 bytes).
    Removing stm32f4xx_usart.o(i.USART_HalfDuplexCmd), (24 bytes).
    Removing stm32f4xx_usart.o(i.USART_IrDACmd), (24 bytes).
    Removing stm32f4xx_usart.o(i.USART_IrDAConfig), (18 bytes).
    Removing stm32f4xx_usart.o(i.USART_LINBreakDetectLengthConfig), (18 bytes).
    Removing stm32f4xx_usart.o(i.USART_LINCmd), (24 bytes).
    Removing stm32f4xx_usart.o(i.USART_OneBitMethodCmd), (24 bytes).
    Removing stm32f4xx_usart.o(i.USART_OverSampling8Cmd), (22 bytes).
    Removing stm32f4xx_usart.o(i.USART_ReceiveData), (10 bytes).
    Removing stm32f4xx_usart.o(i.USART_ReceiverWakeUpCmd), (24 bytes).
    Removing stm32f4xx_usart.o(i.USART_SendBreak), (10 bytes).
    Removing stm32f4xx_usart.o(i.USART_SendData), (28 bytes).
    Removing stm32f4xx_usart.o(i.USART_SetAddress), (18 bytes).
    Removing stm32f4xx_usart.o(i.USART_SetGuardTime), (16 bytes).
    Removing stm32f4xx_usart.o(i.USART_SetPrescaler), (16 bytes).
    Removing stm32f4xx_usart.o(i.USART_SmartCardCmd), (24 bytes).
    Removing stm32f4xx_usart.o(i.USART_SmartCardNACKCmd), (24 bytes).
    Removing stm32f4xx_usart.o(i.USART_StructInit), (24 bytes).
    Removing stm32f4xx_usart.o(i.USART_WakeUpConfig), (18 bytes).
    Removing stm32f4xx_wwdg.o(.rev16_text), (4 bytes).
    Removing stm32f4xx_wwdg.o(.revsh_text), (4 bytes).
    Removing stm32f4xx_wwdg.o(.rrx_text), (6 bytes).
    Removing stm32f4xx_wwdg.o(i.WWDG_ClearFlag), (12 bytes).
    Removing stm32f4xx_wwdg.o(i.WWDG_DeInit), (22 bytes).
    Removing stm32f4xx_wwdg.o(i.WWDG_Enable), (16 bytes).
    Removing stm32f4xx_wwdg.o(i.WWDG_EnableIT), (12 bytes).
    Removing stm32f4xx_wwdg.o(i.WWDG_GetFlagStatus), (20 bytes).
    Removing stm32f4xx_wwdg.o(i.WWDG_SetCounter), (16 bytes).
    Removing stm32f4xx_wwdg.o(i.WWDG_SetPrescaler), (24 bytes).
    Removing stm32f4xx_wwdg.o(i.WWDG_SetWindowValue), (40 bytes).

490 unused section(s) (total 20960 bytes) removed from the image.

==============================================================================

Image Symbol Table

    Local Symbols

    Symbol Name                              Value     Ov Type        Size  Object(Section)

    ../clib/microlib/init/entry.s            0x00000000   Number         0  entry9a.o ABSOLUTE
    ../clib/microlib/init/entry.s            0x00000000   Number         0  entry11b.o ABSOLUTE
    ../clib/microlib/init/entry.s            0x00000000   Number         0  entry11a.o ABSOLUTE
    ../clib/microlib/init/entry.s            0x00000000   Number         0  entry9b.o ABSOLUTE
    ../clib/microlib/init/entry.s            0x00000000   Number         0  entry10b.o ABSOLUTE
    ../clib/microlib/init/entry.s            0x00000000   Number         0  entry8b.o ABSOLUTE
    ../clib/microlib/init/entry.s            0x00000000   Number         0  entry10a.o ABSOLUTE
    ../clib/microlib/init/entry.s            0x00000000   Number         0  entry8a.o ABSOLUTE
    ../clib/microlib/init/entry.s            0x00000000   Number         0  entry.o ABSOLUTE
    ../clib/microlib/init/entry.s            0x00000000   Number         0  entry2.o ABSOLUTE
    ../clib/microlib/init/entry.s            0x00000000   Number         0  entry5.o ABSOLUTE
    ../clib/microlib/init/entry.s            0x00000000   Number         0  entry7b.o ABSOLUTE
    ../clib/microlib/init/entry.s            0x00000000   Number         0  entry7a.o ABSOLUTE
    ../clib/microlib/string/memcpy.c         0x00000000   Number         0  memcpya.o ABSOLUTE
    ../clib/microlib/string/memcpy.c         0x00000000   Number         0  memcpyb.o ABSOLUTE
    ../clib/microlib/string/memset.c         0x00000000   Number         0  memseta.o ABSOLUTE
    ../clib/microlib/stubs.s                 0x00000000   Number         0  useno.o ABSOLUTE
    ..\File\API\gimbal_protocol.c            0x00000000   Number         0  gimbal_protocol.o ABSOLUTE
    ..\File\API\verify.c                     0x00000000   Number         0  verify.o ABSOLUTE
    ..\File\BSP\delay.c                      0x00000000   Number         0  delay.o ABSOLUTE
    ..\File\BSP\led.c                        0x00000000   Number         0  led.o ABSOLUTE
    ..\File\BSP\systick.c                    0x00000000   Number         0  systick.o ABSOLUTE
    ..\File\BSP\tim.c                        0x00000000   Number         0  tim.o ABSOLUTE
    ..\File\BSP\usart.c                      0x00000000   Number         0  usart.o ABSOLUTE
    ..\File\FreeRTOS\croutine.c              0x00000000   Number         0  croutine.o ABSOLUTE
    ..\File\FreeRTOS\event_groups.c          0x00000000   Number         0  event_groups.o ABSOLUTE
    ..\File\FreeRTOS\list.c                  0x00000000   Number         0  list.o ABSOLUTE
    ..\File\FreeRTOS\portable\MemMang\heap_4.c 0x00000000   Number         0  heap_4.o ABSOLUTE
    ..\File\FreeRTOS\portable\RVDS\ARM_CM4F\port.c 0x00000000   Number         0  port.o ABSOLUTE
    ..\File\FreeRTOS\queue.c                 0x00000000   Number         0  queue.o ABSOLUTE
    ..\File\FreeRTOS\tasks.c                 0x00000000   Number         0  tasks.o ABSOLUTE
    ..\File\FreeRTOS\timers.c                0x00000000   Number         0  timers.o ABSOLUTE
    ..\File\STM32LIB\CMSIS\Startup\startup_stm32f40_41xxx.s 0x00000000   Number         0  startup_stm32f40_41xxx.o ABSOLUTE
    ..\File\STM32LIB\CMSIS\system_stm32f4xx.c 0x00000000   Number         0  system_stm32f4xx.o ABSOLUTE
    ..\File\STM32LIB\FWLIB\misc.c            0x00000000   Number         0  misc.o ABSOLUTE
    ..\File\STM32LIB\FWLIB\stm32f4xx_adc.c   0x00000000   Number         0  stm32f4xx_adc.o ABSOLUTE
    ..\File\STM32LIB\FWLIB\stm32f4xx_can.c   0x00000000   Number         0  stm32f4xx_can.o ABSOLUTE
    ..\File\STM32LIB\FWLIB\stm32f4xx_dma.c   0x00000000   Number         0  stm32f4xx_dma.o ABSOLUTE
    ..\File\STM32LIB\FWLIB\stm32f4xx_exti.c  0x00000000   Number         0  stm32f4xx_exti.o ABSOLUTE
    ..\File\STM32LIB\FWLIB\stm32f4xx_fsmc.c  0x00000000   Number         0  stm32f4xx_fsmc.o ABSOLUTE
    ..\File\STM32LIB\FWLIB\stm32f4xx_gpio.c  0x00000000   Number         0  stm32f4xx_gpio.o ABSOLUTE
    ..\File\STM32LIB\FWLIB\stm32f4xx_rcc.c   0x00000000   Number         0  stm32f4xx_rcc.o ABSOLUTE
    ..\File\STM32LIB\FWLIB\stm32f4xx_spi.c   0x00000000   Number         0  stm32f4xx_spi.o ABSOLUTE
    ..\File\STM32LIB\FWLIB\stm32f4xx_syscfg.c 0x00000000   Number         0  stm32f4xx_syscfg.o ABSOLUTE
    ..\File\STM32LIB\FWLIB\stm32f4xx_tim.c   0x00000000   Number         0  stm32f4xx_tim.o ABSOLUTE
    ..\File\STM32LIB\FWLIB\stm32f4xx_usart.c 0x00000000   Number         0  stm32f4xx_usart.o ABSOLUTE
    ..\File\STM32LIB\FWLIB\stm32f4xx_wwdg.c  0x00000000   Number         0  stm32f4xx_wwdg.o ABSOLUTE
    ..\File\TASK\communicate_task.c          0x00000000   Number         0  communicate_task.o ABSOLUTE
    ..\File\TASK\led_task.c                  0x00000000   Number         0  led_task.o ABSOLUTE
    ..\File\TASK\senddata_task.c             0x00000000   Number         0  senddata_task.o ABSOLUTE
    ..\File\TASK\systemmonitor_task.c        0x00000000   Number         0  systemmonitor_task.o ABSOLUTE
    ..\File\USER\bsp_init.c                  0x00000000   Number         0  bsp_init.o ABSOLUTE
    ..\File\USER\global_declare.c            0x00000000   Number         0  global_declare.o ABSOLUTE
    ..\File\USER\main.c                      0x00000000   Number         0  main.o ABSOLUTE
    ..\File\USER\stm32f4xx_it.c              0x00000000   Number         0  stm32f4xx_it.o ABSOLUTE
    ..\\File\\API\\gimbal_protocol.c         0x00000000   Number         0  gimbal_protocol.o ABSOLUTE
    ..\\File\\API\\verify.c                  0x00000000   Number         0  verify.o ABSOLUTE
    ..\\File\\BSP\\delay.c                   0x00000000   Number         0  delay.o ABSOLUTE
    ..\\File\\BSP\\led.c                     0x00000000   Number         0  led.o ABSOLUTE
    ..\\File\\BSP\\systick.c                 0x00000000   Number         0  systick.o ABSOLUTE
    ..\\File\\BSP\\tim.c                     0x00000000   Number         0  tim.o ABSOLUTE
    ..\\File\\BSP\\usart.c                   0x00000000   Number         0  usart.o ABSOLUTE
    ..\\File\\FreeRTOS\\portable\\RVDS\\ARM_CM4F\\port.c 0x00000000   Number         0  port.o ABSOLUTE
    ..\\File\\STM32LIB\\CMSIS\\system_stm32f4xx.c 0x00000000   Number         0  system_stm32f4xx.o ABSOLUTE
    ..\\File\\STM32LIB\\FWLIB\\misc.c        0x00000000   Number         0  misc.o ABSOLUTE
    ..\\File\\STM32LIB\\FWLIB\\stm32f4xx_adc.c 0x00000000   Number         0  stm32f4xx_adc.o ABSOLUTE
    ..\\File\\STM32LIB\\FWLIB\\stm32f4xx_can.c 0x00000000   Number         0  stm32f4xx_can.o ABSOLUTE
    ..\\File\\STM32LIB\\FWLIB\\stm32f4xx_dma.c 0x00000000   Number         0  stm32f4xx_dma.o ABSOLUTE
    ..\\File\\STM32LIB\\FWLIB\\stm32f4xx_exti.c 0x00000000   Number         0  stm32f4xx_exti.o ABSOLUTE
    ..\\File\\STM32LIB\\FWLIB\\stm32f4xx_fsmc.c 0x00000000   Number         0  stm32f4xx_fsmc.o ABSOLUTE
    ..\\File\\STM32LIB\\FWLIB\\stm32f4xx_gpio.c 0x00000000   Number         0  stm32f4xx_gpio.o ABSOLUTE
    ..\\File\\STM32LIB\\FWLIB\\stm32f4xx_rcc.c 0x00000000   Number         0  stm32f4xx_rcc.o ABSOLUTE
    ..\\File\\STM32LIB\\FWLIB\\stm32f4xx_spi.c 0x00000000   Number         0  stm32f4xx_spi.o ABSOLUTE
    ..\\File\\STM32LIB\\FWLIB\\stm32f4xx_syscfg.c 0x00000000   Number         0  stm32f4xx_syscfg.o ABSOLUTE
    ..\\File\\STM32LIB\\FWLIB\\stm32f4xx_tim.c 0x00000000   Number         0  stm32f4xx_tim.o ABSOLUTE
    ..\\File\\STM32LIB\\FWLIB\\stm32f4xx_usart.c 0x00000000   Number         0  stm32f4xx_usart.o ABSOLUTE
    ..\\File\\STM32LIB\\FWLIB\\stm32f4xx_wwdg.c 0x00000000   Number         0  stm32f4xx_wwdg.o ABSOLUTE
    ..\\File\\TASK\\communicate_task.c       0x00000000   Number         0  communicate_task.o ABSOLUTE
    ..\\File\\TASK\\led_task.c               0x00000000   Number         0  led_task.o ABSOLUTE
    ..\\File\\TASK\\senddata_task.c          0x00000000   Number         0  senddata_task.o ABSOLUTE
    ..\\File\\TASK\\systemmonitor_task.c     0x00000000   Number         0  systemmonitor_task.o ABSOLUTE
    ..\\File\\USER\\bsp_init.c               0x00000000   Number         0  bsp_init.o ABSOLUTE
    ..\\File\\USER\\global_declare.c         0x00000000   Number         0  global_declare.o ABSOLUTE
    ..\\File\\USER\\main.c                   0x00000000   Number         0  main.o ABSOLUTE
    ..\\File\\USER\\stm32f4xx_it.c           0x00000000   Number         0  stm32f4xx_it.o ABSOLUTE
    dc.s                                     0x00000000   Number         0  dc.o ABSOLUTE
    handlers.s                               0x00000000   Number         0  handlers.o ABSOLUTE
    init.s                                   0x00000000   Number         0  init.o ABSOLUTE
    RESET                                    0x08000000   Section      392  startup_stm32f40_41xxx.o(RESET)
    .ARM.Collect$$$$00000000                 0x08000188   Section        0  entry.o(.ARM.Collect$$$$00000000)
    .ARM.Collect$$$$00000001                 0x08000188   Section        4  entry2.o(.ARM.Collect$$$$00000001)
    .ARM.Collect$$$$00000004                 0x0800018c   Section        4  entry5.o(.ARM.Collect$$$$00000004)
    .ARM.Collect$$$$00000008                 0x08000190   Section        0  entry7b.o(.ARM.Collect$$$$00000008)
    .ARM.Collect$$$$0000000A                 0x08000190   Section        0  entry8b.o(.ARM.Collect$$$$0000000A)
    .ARM.Collect$$$$0000000B                 0x08000190   Section        8  entry9a.o(.ARM.Collect$$$$0000000B)
    .ARM.Collect$$$$0000000D                 0x08000198   Section        0  entry10a.o(.ARM.Collect$$$$0000000D)
    .ARM.Collect$$$$0000000F                 0x08000198   Section        0  entry11a.o(.ARM.Collect$$$$0000000F)
    .ARM.Collect$$$$00002712                 0x08000198   Section        4  entry2.o(.ARM.Collect$$$$00002712)
    __lit__00000000                          0x08000198   Data           4  entry2.o(.ARM.Collect$$$$00002712)
    .emb_text                                0x0800019c   Section      182  port.o(.emb_text)
    $v0                                      0x0800019c   Number         0  port.o(.emb_text)
    .text                                    0x08000254   Section       36  startup_stm32f40_41xxx.o(.text)
    $v0                                      0x08000254   Number         0  startup_stm32f40_41xxx.o(.text)
    .text                                    0x08000278   Section        0  memcpya.o(.text)
    .text                                    0x0800029c   Section        0  memseta.o(.text)
    .text                                    0x080002c0   Section       36  init.o(.text)
    i.Append_CRC16_Check_Sum                 0x080002e4   Section        0  verify.o(i.Append_CRC16_Check_Sum)
    i.BSP_Init                               0x08000314   Section        0  bsp_init.o(i.BSP_Init)
    i.Communicate_Task                       0x08000334   Section        0  main.o(i.Communicate_Task)
    i.DMA_ClearITPendingBit                  0x08000370   Section        0  stm32f4xx_dma.o(i.DMA_ClearITPendingBit)
    i.DMA_Cmd                                0x080003a4   Section        0  stm32f4xx_dma.o(i.DMA_Cmd)
    i.DMA_DeInit                             0x080003bc   Section        0  stm32f4xx_dma.o(i.DMA_DeInit)
    i.DMA_GetCmdStatus                       0x08000514   Section        0  stm32f4xx_dma.o(i.DMA_GetCmdStatus)
    i.DMA_Init                               0x08000528   Section        0  stm32f4xx_dma.o(i.DMA_Init)
    i.GPIO_Init                              0x08000580   Section        0  stm32f4xx_gpio.o(i.GPIO_Init)
    i.GPIO_PinAFConfig                       0x08000610   Section        0  stm32f4xx_gpio.o(i.GPIO_PinAFConfig)
    i.GPIO_SetBits                           0x08000656   Section        0  stm32f4xx_gpio.o(i.GPIO_SetBits)
    i.GPIO_ToggleBits                        0x0800065a   Section        0  stm32f4xx_gpio.o(i.GPIO_ToggleBits)
    i.Get_CRC16_Check_Sum                    0x08000664   Section        0  verify.o(i.Get_CRC16_Check_Sum)
    i.GimbalDataProtocol                     0x08000698   Section        0  gimbal_protocol.o(i.GimbalDataProtocol)
    i.GimbalDataSend                         0x080006d4   Section        0  communicate_task.o(i.GimbalDataSend)
    i.LEDStateChange                         0x08000738   Section        0  led_task.o(i.LEDStateChange)
    i.LED_Task                               0x08000780   Section        0  main.o(i.LED_Task)
    i.Monitor_Task                           0x080007c0   Section        0  main.o(i.Monitor_Task)
    i.NVIC_Init                              0x08000800   Section        0  misc.o(i.NVIC_Init)
    i.NVIC_PriorityGroupConfig               0x08000878   Section        0  misc.o(i.NVIC_PriorityGroupConfig)
    i.RCC_AHB1PeriphClockCmd                 0x0800088c   Section        0  stm32f4xx_rcc.o(i.RCC_AHB1PeriphClockCmd)
    i.RCC_APB1PeriphClockCmd                 0x080008ac   Section        0  stm32f4xx_rcc.o(i.RCC_APB1PeriphClockCmd)
    i.RCC_APB1PeriphResetCmd                 0x080008cc   Section        0  stm32f4xx_rcc.o(i.RCC_APB1PeriphResetCmd)
    i.RCC_APB2PeriphResetCmd                 0x080008ec   Section        0  stm32f4xx_rcc.o(i.RCC_APB2PeriphResetCmd)
    i.RCC_GetClocksFreq                      0x0800090c   Section        0  stm32f4xx_rcc.o(i.RCC_GetClocksFreq)
    i.SetSysClock                            0x080009f4   Section        0  system_stm32f4xx.o(i.SetSysClock)
    SetSysClock                              0x080009f5   Thumb Code   220  system_stm32f4xx.o(i.SetSysClock)
    i.StateDataSend                          0x08000ae0   Section        0  senddata_task.o(i.StateDataSend)
    i.StateDataSend_Task                     0x08000b40   Section        0  main.o(i.StateDataSend_Task)
    i.SysTick_Handler                        0x08000b7c   Section        0  stm32f4xx_it.o(i.SysTick_Handler)
    i.SystemInit                             0x08000c00   Section        0  system_stm32f4xx.o(i.SystemInit)
    i.SystemMonitorDetect                    0x08000c68   Section        0  systemmonitor_task.o(i.SystemMonitorDetect)
    i.TIM5_Configuration                     0x08000c8c   Section        0  tim.o(i.TIM5_Configuration)
    i.TIM_Cmd                                0x08000cc4   Section        0  stm32f4xx_tim.o(i.TIM_Cmd)
    i.TIM_TimeBaseInit                       0x08000cdc   Section        0  stm32f4xx_tim.o(i.TIM_TimeBaseInit)
    i.Task_Create                            0x08000d60   Section        0  main.o(i.Task_Create)
    i.UART4_IRQHandler                       0x08000e34   Section        0  stm32f4xx_it.o(i.UART4_IRQHandler)
    i.USART2_IRQHandler                      0x08000e8c   Section        0  stm32f4xx_it.o(i.USART2_IRQHandler)
    i.USART3_IRQHandler                      0x08000eb8   Section        0  stm32f4xx_it.o(i.USART3_IRQHandler)
    i.USART_Cmd                              0x08000f08   Section        0  stm32f4xx_usart.o(i.USART_Cmd)
    i.USART_DMACmd                           0x08000f20   Section        0  stm32f4xx_usart.o(i.USART_DMACmd)
    i.USART_DeInit                           0x08000f34   Section        0  stm32f4xx_usart.o(i.USART_DeInit)
    i.USART_GetITStatus                      0x08001024   Section        0  stm32f4xx_usart.o(i.USART_GetITStatus)
    i.USART_ITConfig                         0x08001078   Section        0  stm32f4xx_usart.o(i.USART_ITConfig)
    i.USART_Init                             0x080010c4   Section        0  stm32f4xx_usart.o(i.USART_Init)
    i.Verify_CRC16_Check_Sum                 0x08001198   Section        0  verify.o(i.Verify_CRC16_Check_Sum)
    i.__scatterload_copy                     0x080011d8   Section       14  handlers.o(i.__scatterload_copy)
    i.__scatterload_null                     0x080011e6   Section        2  handlers.o(i.__scatterload_null)
    i.__scatterload_zeroinit                 0x080011e8   Section       14  handlers.o(i.__scatterload_zeroinit)
    i.led_init                               0x080011f8   Section        0  led.o(i.led_init)
    i.main                                   0x08001260   Section        0  main.o(i.main)
    i.prvAddCurrentTaskToDelayedList         0x08001274   Section        0  tasks.o(i.prvAddCurrentTaskToDelayedList)
    prvAddCurrentTaskToDelayedList           0x08001275   Thumb Code   124  tasks.o(i.prvAddCurrentTaskToDelayedList)
    i.prvAddNewTaskToReadyList               0x0800130c   Section        0  tasks.o(i.prvAddNewTaskToReadyList)
    prvAddNewTaskToReadyList                 0x0800130d   Thumb Code   156  tasks.o(i.prvAddNewTaskToReadyList)
    i.prvCheckForValidListAndQueue           0x080013c4   Section        0  timers.o(i.prvCheckForValidListAndQueue)
    prvCheckForValidListAndQueue             0x080013c5   Thumb Code    72  timers.o(i.prvCheckForValidListAndQueue)
    i.prvCheckTasksWaitingTermination        0x08001428   Section        0  tasks.o(i.prvCheckTasksWaitingTermination)
    prvCheckTasksWaitingTermination          0x08001429   Thumb Code    86  tasks.o(i.prvCheckTasksWaitingTermination)
    i.prvCopyDataFromQueue                   0x0800148c   Section        0  queue.o(i.prvCopyDataFromQueue)
    prvCopyDataFromQueue                     0x0800148d   Thumb Code    42  queue.o(i.prvCopyDataFromQueue)
    i.prvCopyDataToQueue                     0x080014b6   Section        0  queue.o(i.prvCopyDataToQueue)
    prvCopyDataToQueue                       0x080014b7   Thumb Code   124  queue.o(i.prvCopyDataToQueue)
    i.prvDeleteTCB                           0x08001532   Section        0  tasks.o(i.prvDeleteTCB)
    prvDeleteTCB                             0x08001533   Thumb Code    18  tasks.o(i.prvDeleteTCB)
    i.prvGetNextExpireTime                   0x08001544   Section        0  timers.o(i.prvGetNextExpireTime)
    prvGetNextExpireTime                     0x08001545   Thumb Code    36  timers.o(i.prvGetNextExpireTime)
    i.prvHeapInit                            0x0800156c   Section        0  heap_4.o(i.prvHeapInit)
    prvHeapInit                              0x0800156d   Thumb Code    98  heap_4.o(i.prvHeapInit)
    i.prvIdleTask                            0x080015e8   Section        0  tasks.o(i.prvIdleTask)
    prvIdleTask                              0x080015e9   Thumb Code    32  tasks.o(i.prvIdleTask)
    i.prvInitialiseNewQueue                  0x08001610   Section        0  queue.o(i.prvInitialiseNewQueue)
    prvInitialiseNewQueue                    0x08001611   Thumb Code    42  queue.o(i.prvInitialiseNewQueue)
    i.prvInitialiseNewTask                   0x0800163a   Section        0  tasks.o(i.prvInitialiseNewTask)
    prvInitialiseNewTask                     0x0800163b   Thumb Code   180  tasks.o(i.prvInitialiseNewTask)
    i.prvInitialiseTaskLists                 0x080016f0   Section        0  tasks.o(i.prvInitialiseTaskLists)
    prvInitialiseTaskLists                   0x080016f1   Thumb Code    70  tasks.o(i.prvInitialiseTaskLists)
    i.prvInsertBlockIntoFreeList             0x08001758   Section        0  heap_4.o(i.prvInsertBlockIntoFreeList)
    prvInsertBlockIntoFreeList               0x08001759   Thumb Code    96  heap_4.o(i.prvInsertBlockIntoFreeList)
    i.prvInsertTimerInActiveList             0x080017c0   Section        0  timers.o(i.prvInsertTimerInActiveList)
    prvInsertTimerInActiveList               0x080017c1   Thumb Code    80  timers.o(i.prvInsertTimerInActiveList)
    i.prvIsQueueEmpty                        0x08001818   Section        0  queue.o(i.prvIsQueueEmpty)
    prvIsQueueEmpty                          0x08001819   Thumb Code    26  queue.o(i.prvIsQueueEmpty)
    i.prvIsQueueFull                         0x08001832   Section        0  queue.o(i.prvIsQueueFull)
    prvIsQueueFull                           0x08001833   Thumb Code    30  queue.o(i.prvIsQueueFull)
    i.prvProcessExpiredTimer                 0x08001850   Section        0  timers.o(i.prvProcessExpiredTimer)
    prvProcessExpiredTimer                   0x08001851   Thumb Code    94  timers.o(i.prvProcessExpiredTimer)
    i.prvProcessReceivedCommands             0x080018b4   Section        0  timers.o(i.prvProcessReceivedCommands)
    prvProcessReceivedCommands               0x080018b5   Thumb Code   242  timers.o(i.prvProcessReceivedCommands)
    i.prvProcessTimerOrBlockTask             0x080019ac   Section        0  timers.o(i.prvProcessTimerOrBlockTask)
    prvProcessTimerOrBlockTask               0x080019ad   Thumb Code   102  timers.o(i.prvProcessTimerOrBlockTask)
    i.prvResetNextTaskUnblockTime            0x08001a20   Section        0  tasks.o(i.prvResetNextTaskUnblockTime)
    prvResetNextTaskUnblockTime              0x08001a21   Thumb Code    42  tasks.o(i.prvResetNextTaskUnblockTime)
    i.prvSampleTimeNow                       0x08001a54   Section        0  timers.o(i.prvSampleTimeNow)
    prvSampleTimeNow                         0x08001a55   Thumb Code    40  timers.o(i.prvSampleTimeNow)
    i.prvSwitchTimerLists                    0x08001a80   Section        0  timers.o(i.prvSwitchTimerLists)
    prvSwitchTimerLists                      0x08001a81   Thumb Code   150  timers.o(i.prvSwitchTimerLists)
    i.prvTaskExitError                       0x08001b20   Section        0  port.o(i.prvTaskExitError)
    prvTaskExitError                         0x08001b21   Thumb Code    60  port.o(i.prvTaskExitError)
    i.prvTimerTask                           0x08001b60   Section        0  timers.o(i.prvTimerTask)
    prvTimerTask                             0x08001b61   Thumb Code    26  timers.o(i.prvTimerTask)
    i.prvUnlockQueue                         0x08001b7a   Section        0  queue.o(i.prvUnlockQueue)
    prvUnlockQueue                           0x08001b7b   Thumb Code   126  queue.o(i.prvUnlockQueue)
    i.pvPortMalloc                           0x08001bf8   Section        0  heap_4.o(i.pvPortMalloc)
    i.pvTaskIncrementMutexHeldCount          0x08001d34   Section        0  tasks.o(i.pvTaskIncrementMutexHeldCount)
    i.pxPortInitialiseStack                  0x08001d54   Section        0  port.o(i.pxPortInitialiseStack)
    i.uart4_init                             0x08001d80   Section        0  usart.o(i.uart4_init)
    i.usart2_init                            0x08001ef0   Section        0  usart.o(i.usart2_init)
    i.usart3_init                            0x08002010   Section        0  usart.o(i.usart3_init)
    i.uxListRemove                           0x08002190   Section        0  list.o(i.uxListRemove)
    i.vListInitialise                        0x080021b8   Section        0  list.o(i.vListInitialise)
    i.vListInitialiseItem                    0x080021d2   Section        0  list.o(i.vListInitialiseItem)
    i.vListInsert                            0x080021d8   Section        0  list.o(i.vListInsert)
    i.vListInsertEnd                         0x0800220c   Section        0  list.o(i.vListInsertEnd)
    i.vPortEnterCritical                     0x08002224   Section        0  port.o(i.vPortEnterCritical)
    i.vPortExitCritical                      0x08002278   Section        0  port.o(i.vPortExitCritical)
    i.vPortFree                              0x080022b4   Section        0  heap_4.o(i.vPortFree)
    i.vPortSetupTimerInterrupt               0x08002348   Section        0  port.o(i.vPortSetupTimerInterrupt)
    i.vPortValidateInterruptPriority         0x08002368   Section        0  port.o(i.vPortValidateInterruptPriority)
    i.vQueueAddToRegistry                    0x080023e0   Section        0  queue.o(i.vQueueAddToRegistry)
    i.vQueueWaitForMessageRestricted         0x0800240c   Section        0  queue.o(i.vQueueWaitForMessageRestricted)
    i.vTaskDelay                             0x08002458   Section        0  tasks.o(i.vTaskDelay)
    i.vTaskMissedYield                       0x080024b4   Section        0  tasks.o(i.vTaskMissedYield)
    i.vTaskPlaceOnEventList                  0x080024c0   Section        0  tasks.o(i.vTaskPlaceOnEventList)
    i.vTaskPlaceOnEventListRestricted        0x080024f8   Section        0  tasks.o(i.vTaskPlaceOnEventListRestricted)
    i.vTaskPriorityInherit                   0x08002538   Section        0  tasks.o(i.vTaskPriorityInherit)
    i.vTaskSetTimeOutState                   0x080025e8   Section        0  tasks.o(i.vTaskSetTimeOutState)
    i.vTaskStartScheduler                    0x08002618   Section        0  tasks.o(i.vTaskStartScheduler)
    i.vTaskSuspendAll                        0x080026ac   Section        0  tasks.o(i.vTaskSuspendAll)
    i.vTaskSwitchContext                     0x080026bc   Section        0  tasks.o(i.vTaskSwitchContext)
    i.xPortStartScheduler                    0x08002748   Section        0  port.o(i.xPortStartScheduler)
    i.xPortSysTickHandler                    0x08002884   Section        0  port.o(i.xPortSysTickHandler)
    i.xQueueGenericCreate                    0x080028b8   Section        0  queue.o(i.xQueueGenericCreate)
    i.xQueueGenericReceive                   0x08002910   Section        0  queue.o(i.xQueueGenericReceive)
    i.xQueueGenericReset                     0x08002ad4   Section        0  queue.o(i.xQueueGenericReset)
    i.xQueueGenericSend                      0x08002b6c   Section        0  queue.o(i.xQueueGenericSend)
    i.xQueueGenericSendFromISR               0x08002d14   Section        0  queue.o(i.xQueueGenericSendFromISR)
    i.xTaskCheckForTimeOut                   0x08002e0c   Section        0  tasks.o(i.xTaskCheckForTimeOut)
    i.xTaskCreate                            0x08002e98   Section        0  tasks.o(i.xTaskCreate)
    i.xTaskGetSchedulerState                 0x08002ef8   Section        0  tasks.o(i.xTaskGetSchedulerState)
    i.xTaskGetTickCount                      0x08002f18   Section        0  tasks.o(i.xTaskGetTickCount)
    i.xTaskIncrementTick                     0x08002f24   Section        0  tasks.o(i.xTaskIncrementTick)
    i.xTaskPriorityDisinherit                0x0800306c   Section        0  tasks.o(i.xTaskPriorityDisinherit)
    i.xTaskRemoveFromEventList               0x08003134   Section        0  tasks.o(i.xTaskRemoveFromEventList)
    i.xTaskResumeAll                         0x080031cc   Section        0  tasks.o(i.xTaskResumeAll)
    i.xTimerCreateTimerTask                  0x080032d0   Section        0  timers.o(i.xTimerCreateTimerTask)
    i.xTimerGenericCommand                   0x08003328   Section        0  timers.o(i.xTimerGenericCommand)
    .constdata                               0x080033ac   Section      770  verify.o(.constdata)
    .data                                    0x20000000   Section       36  main.o(.data)
    TaskStartTime                            0x20000014   Data           4  main.o(.data)
    TaskStartTime                            0x20000018   Data           4  main.o(.data)
    TaskStartTime                            0x2000001c   Data           4  main.o(.data)
    TaskStartTime                            0x20000020   Data           4  main.o(.data)
    .data                                    0x20000024   Section       84  global_declare.o(.data)
    .data                                    0x20000078   Section        2  verify.o(.data)
    .data                                    0x2000007c   Section       60  tasks.o(.data)
    pxDelayedTaskList                        0x20000080   Data           4  tasks.o(.data)
    pxOverflowDelayedTaskList                0x20000084   Data           4  tasks.o(.data)
    uxDeletedTasksWaitingCleanUp             0x20000088   Data           4  tasks.o(.data)
    uxCurrentNumberOfTasks                   0x2000008c   Data           4  tasks.o(.data)
    xTickCount                               0x20000090   Data           4  tasks.o(.data)
    uxTopReadyPriority                       0x20000094   Data           4  tasks.o(.data)
    xSchedulerRunning                        0x20000098   Data           4  tasks.o(.data)
    uxPendedTicks                            0x2000009c   Data           4  tasks.o(.data)
    xYieldPending                            0x200000a0   Data           4  tasks.o(.data)
    xNumOfOverflows                          0x200000a4   Data           4  tasks.o(.data)
    uxTaskNumber                             0x200000a8   Data           4  tasks.o(.data)
    xNextTaskUnblockTime                     0x200000ac   Data           4  tasks.o(.data)
    xIdleTaskHandle                          0x200000b0   Data           4  tasks.o(.data)
    uxSchedulerSuspended                     0x200000b4   Data           4  tasks.o(.data)
    .data                                    0x200000b8   Section       20  timers.o(.data)
    pxCurrentTimerList                       0x200000b8   Data           4  timers.o(.data)
    pxOverflowTimerList                      0x200000bc   Data           4  timers.o(.data)
    xTimerQueue                              0x200000c0   Data           4  timers.o(.data)
    xTimerTaskHandle                         0x200000c4   Data           4  timers.o(.data)
    xLastTime                                0x200000c8   Data           4  timers.o(.data)
    .data                                    0x200000cc   Section       24  heap_4.o(.data)
    xStart                                   0x200000cc   Data           8  heap_4.o(.data)
    pxEnd                                    0x200000d4   Data           4  heap_4.o(.data)
    xFreeBytesRemaining                      0x200000d8   Data           4  heap_4.o(.data)
    xMinimumEverFreeBytesRemaining           0x200000dc   Data           4  heap_4.o(.data)
    xBlockAllocatedBit                       0x200000e0   Data           4  heap_4.o(.data)
    .data                                    0x200000e4   Section       12  port.o(.data)
    uxCriticalNesting                        0x200000e4   Data           4  port.o(.data)
    ucMaxSysCallPriority                     0x200000e8   Data           1  port.o(.data)
    ulMaxPRIGROUPValue                       0x200000ec   Data           4  port.o(.data)
    .data                                    0x200000f0   Section       20  system_stm32f4xx.o(.data)
    .data                                    0x20000104   Section       16  stm32f4xx_rcc.o(.data)
    APBAHBPrescTable                         0x20000104   Data          16  stm32f4xx_rcc.o(.data)
    .bss                                     0x20000114   Section      166  global_declare.o(.bss)
    .bss                                     0x200001bc   Section       64  queue.o(.bss)
    .bss                                     0x200001fc   Section      200  tasks.o(.bss)
    pxReadyTasksLists                        0x200001fc   Data         100  tasks.o(.bss)
    xDelayedTaskList1                        0x20000260   Data          20  tasks.o(.bss)
    xDelayedTaskList2                        0x20000274   Data          20  tasks.o(.bss)
    xPendingReadyList                        0x20000288   Data          20  tasks.o(.bss)
    xTasksWaitingTermination                 0x2000029c   Data          20  tasks.o(.bss)
    xSuspendedTaskList                       0x200002b0   Data          20  tasks.o(.bss)
    .bss                                     0x200002c4   Section       40  timers.o(.bss)
    xActiveTimerList1                        0x200002c4   Data          20  timers.o(.bss)
    xActiveTimerList2                        0x200002d8   Data          20  timers.o(.bss)
    .bss                                     0x200002ec   Section    76800  heap_4.o(.bss)
    ucHeap                                   0x200002ec   Data       76800  heap_4.o(.bss)
    STACK                                    0x20012ef0   Section     1024  startup_stm32f40_41xxx.o(STACK)

    Global Symbols

    Symbol Name                              Value     Ov Type        Size  Object(Section)

    BuildAttributes$$THM_ISAv4$E$P$D$K$B$S$7EM$VFPi3$EXTD16$VFPS$VFMA$PE$A:L22UL41UL21$X:L11$S22US41US21$IEEE1$IW$USESV6$~STKCKD$USESV7$~SHL$OSPACE$EBA8$MICROLIB$REQ8$PRES8$EABIv2 0x00000000   Number         0  anon$$obj.o ABSOLUTE
    __ARM_use_no_argv                        0x00000000   Number         0  main.o ABSOLUTE
    __use_no_errno                           0x00000000   Number         0  useno.o ABSOLUTE
    __use_no_exception_handling              0x00000000   Number         0  useno.o ABSOLUTE
    __use_no_fp                              0x00000000   Number         0  useno.o ABSOLUTE
    __use_no_heap                            0x00000000   Number         0  useno.o ABSOLUTE
    __use_no_heap_region                     0x00000000   Number         0  useno.o ABSOLUTE
    __use_no_semihosting                     0x00000000   Number         0  useno.o ABSOLUTE
    __use_no_semihosting_swi                 0x00000000   Number         0  useno.o ABSOLUTE
    __use_no_signal_handling                 0x00000000   Number         0  useno.o ABSOLUTE
    __cpp_initialize__aeabi_                  - Undefined Weak Reference
    __cxa_finalize                            - Undefined Weak Reference
    __decompress                              - Undefined Weak Reference
    _clock_init                               - Undefined Weak Reference
    _microlib_exit                            - Undefined Weak Reference
    __Vectors_Size                           0x00000188   Number         0  startup_stm32f40_41xxx.o ABSOLUTE
    __Vectors                                0x08000000   Data           4  startup_stm32f40_41xxx.o(RESET)
    __Vectors_End                            0x08000188   Data           0  startup_stm32f40_41xxx.o(RESET)
    __main                                   0x08000189   Thumb Code     0  entry.o(.ARM.Collect$$$$00000000)
    _main_stk                                0x08000189   Thumb Code     0  entry2.o(.ARM.Collect$$$$00000001)
    _main_scatterload                        0x0800018d   Thumb Code     0  entry5.o(.ARM.Collect$$$$00000004)
    __main_after_scatterload                 0x08000191   Thumb Code     0  entry5.o(.ARM.Collect$$$$00000004)
    _main_clock                              0x08000191   Thumb Code     0  entry7b.o(.ARM.Collect$$$$00000008)
    _main_cpp_init                           0x08000191   Thumb Code     0  entry8b.o(.ARM.Collect$$$$0000000A)
    _main_init                               0x08000191   Thumb Code     0  entry9a.o(.ARM.Collect$$$$0000000B)
    __rt_final_cpp                           0x08000199   Thumb Code     0  entry10a.o(.ARM.Collect$$$$0000000D)
    __rt_final_exit                          0x08000199   Thumb Code     0  entry11a.o(.ARM.Collect$$$$0000000F)
    SVC_Handler                              0x0800019d   Thumb Code    28  port.o(.emb_text)
    __asm___6_port_c_39a90d8d__prvStartFirstTask 0x080001bd   Thumb Code    28  port.o(.emb_text)
    __asm___6_port_c_39a90d8d__prvEnableVFP  0x080001dd   Thumb Code    16  port.o(.emb_text)
    PendSV_Handler                           0x080001f1   Thumb Code    88  port.o(.emb_text)
    vPortGetIPSR                             0x0800024d   Thumb Code     6  port.o(.emb_text)
    Reset_Handler                            0x08000255   Thumb Code     8  startup_stm32f40_41xxx.o(.text)
    NMI_Handler                              0x0800025d   Thumb Code     2  startup_stm32f40_41xxx.o(.text)
    HardFault_Handler                        0x0800025f   Thumb Code     2  startup_stm32f40_41xxx.o(.text)
    MemManage_Handler                        0x08000261   Thumb Code     2  startup_stm32f40_41xxx.o(.text)
    BusFault_Handler                         0x08000263   Thumb Code     2  startup_stm32f40_41xxx.o(.text)
    UsageFault_Handler                       0x08000265   Thumb Code     2  startup_stm32f40_41xxx.o(.text)
    DebugMon_Handler                         0x08000269   Thumb Code     2  startup_stm32f40_41xxx.o(.text)
    ADC_IRQHandler                           0x0800026f   Thumb Code     0  startup_stm32f40_41xxx.o(.text)
    CAN1_RX0_IRQHandler                      0x0800026f   Thumb Code     0  startup_stm32f40_41xxx.o(.text)
    CAN1_RX1_IRQHandler                      0x0800026f   Thumb Code     0  startup_stm32f40_41xxx.o(.text)
    CAN1_SCE_IRQHandler                      0x0800026f   Thumb Code     0  startup_stm32f40_41xxx.o(.text)
    CAN1_TX_IRQHandler                       0x0800026f   Thumb Code     0  startup_stm32f40_41xxx.o(.text)
    CAN2_RX0_IRQHandler                      0x0800026f   Thumb Code     0  startup_stm32f40_41xxx.o(.text)
    CAN2_RX1_IRQHandler                      0x0800026f   Thumb Code     0  startup_stm32f40_41xxx.o(.text)
    CAN2_SCE_IRQHandler                      0x0800026f   Thumb Code     0  startup_stm32f40_41xxx.o(.text)
    CAN2_TX_IRQHandler                       0x0800026f   Thumb Code     0  startup_stm32f40_41xxx.o(.text)
    CRYP_IRQHandler                          0x0800026f   Thumb Code     0  startup_stm32f40_41xxx.o(.text)
    DCMI_IRQHandler                          0x0800026f   Thumb Code     0  startup_stm32f40_41xxx.o(.text)
    DMA1_Stream0_IRQHandler                  0x0800026f   Thumb Code     0  startup_stm32f40_41xxx.o(.text)
    DMA1_Stream1_IRQHandler                  0x0800026f   Thumb Code     0  startup_stm32f40_41xxx.o(.text)
    DMA1_Stream2_IRQHandler                  0x0800026f   Thumb Code     0  startup_stm32f40_41xxx.o(.text)
    DMA1_Stream3_IRQHandler                  0x0800026f   Thumb Code     0  startup_stm32f40_41xxx.o(.text)
    DMA1_Stream4_IRQHandler                  0x0800026f   Thumb Code     0  startup_stm32f40_41xxx.o(.text)
    DMA1_Stream5_IRQHandler                  0x0800026f   Thumb Code     0  startup_stm32f40_41xxx.o(.text)
    DMA1_Stream6_IRQHandler                  0x0800026f   Thumb Code     0  startup_stm32f40_41xxx.o(.text)
    DMA1_Stream7_IRQHandler                  0x0800026f   Thumb Code     0  startup_stm32f40_41xxx.o(.text)
    DMA2_Stream0_IRQHandler                  0x0800026f   Thumb Code     0  startup_stm32f40_41xxx.o(.text)
    DMA2_Stream1_IRQHandler                  0x0800026f   Thumb Code     0  startup_stm32f40_41xxx.o(.text)
    DMA2_Stream2_IRQHandler                  0x0800026f   Thumb Code     0  startup_stm32f40_41xxx.o(.text)
    DMA2_Stream3_IRQHandler                  0x0800026f   Thumb Code     0  startup_stm32f40_41xxx.o(.text)
    DMA2_Stream4_IRQHandler                  0x0800026f   Thumb Code     0  startup_stm32f40_41xxx.o(.text)
    DMA2_Stream5_IRQHandler                  0x0800026f   Thumb Code     0  startup_stm32f40_41xxx.o(.text)
    DMA2_Stream6_IRQHandler                  0x0800026f   Thumb Code     0  startup_stm32f40_41xxx.o(.text)
    DMA2_Stream7_IRQHandler                  0x0800026f   Thumb Code     0  startup_stm32f40_41xxx.o(.text)
    ETH_IRQHandler                           0x0800026f   Thumb Code     0  startup_stm32f40_41xxx.o(.text)
    ETH_WKUP_IRQHandler                      0x0800026f   Thumb Code     0  startup_stm32f40_41xxx.o(.text)
    EXTI0_IRQHandler                         0x0800026f   Thumb Code     0  startup_stm32f40_41xxx.o(.text)
    EXTI15_10_IRQHandler                     0x0800026f   Thumb Code     0  startup_stm32f40_41xxx.o(.text)
    EXTI1_IRQHandler                         0x0800026f   Thumb Code     0  startup_stm32f40_41xxx.o(.text)
    EXTI2_IRQHandler                         0x0800026f   Thumb Code     0  startup_stm32f40_41xxx.o(.text)
    EXTI3_IRQHandler                         0x0800026f   Thumb Code     0  startup_stm32f40_41xxx.o(.text)
    EXTI4_IRQHandler                         0x0800026f   Thumb Code     0  startup_stm32f40_41xxx.o(.text)
    EXTI9_5_IRQHandler                       0x0800026f   Thumb Code     0  startup_stm32f40_41xxx.o(.text)
    FLASH_IRQHandler                         0x0800026f   Thumb Code     0  startup_stm32f40_41xxx.o(.text)
    FPU_IRQHandler                           0x0800026f   Thumb Code     0  startup_stm32f40_41xxx.o(.text)
    FSMC_IRQHandler                          0x0800026f   Thumb Code     0  startup_stm32f40_41xxx.o(.text)
    HASH_RNG_IRQHandler                      0x0800026f   Thumb Code     0  startup_stm32f40_41xxx.o(.text)
    I2C1_ER_IRQHandler                       0x0800026f   Thumb Code     0  startup_stm32f40_41xxx.o(.text)
    I2C1_EV_IRQHandler                       0x0800026f   Thumb Code     0  startup_stm32f40_41xxx.o(.text)
    I2C2_ER_IRQHandler                       0x0800026f   Thumb Code     0  startup_stm32f40_41xxx.o(.text)
    I2C2_EV_IRQHandler                       0x0800026f   Thumb Code     0  startup_stm32f40_41xxx.o(.text)
    I2C3_ER_IRQHandler                       0x0800026f   Thumb Code     0  startup_stm32f40_41xxx.o(.text)
    I2C3_EV_IRQHandler                       0x0800026f   Thumb Code     0  startup_stm32f40_41xxx.o(.text)
    OTG_FS_IRQHandler                        0x0800026f   Thumb Code     0  startup_stm32f40_41xxx.o(.text)
    OTG_FS_WKUP_IRQHandler                   0x0800026f   Thumb Code     0  startup_stm32f40_41xxx.o(.text)
    OTG_HS_EP1_IN_IRQHandler                 0x0800026f   Thumb Code     0  startup_stm32f40_41xxx.o(.text)
    OTG_HS_EP1_OUT_IRQHandler                0x0800026f   Thumb Code     0  startup_stm32f40_41xxx.o(.text)
    OTG_HS_IRQHandler                        0x0800026f   Thumb Code     0  startup_stm32f40_41xxx.o(.text)
    OTG_HS_WKUP_IRQHandler                   0x0800026f   Thumb Code     0  startup_stm32f40_41xxx.o(.text)
    PVD_IRQHandler                           0x0800026f   Thumb Code     0  startup_stm32f40_41xxx.o(.text)
    RCC_IRQHandler                           0x0800026f   Thumb Code     0  startup_stm32f40_41xxx.o(.text)
    RTC_Alarm_IRQHandler                     0x0800026f   Thumb Code     0  startup_stm32f40_41xxx.o(.text)
    RTC_WKUP_IRQHandler                      0x0800026f   Thumb Code     0  startup_stm32f40_41xxx.o(.text)
    SDIO_IRQHandler                          0x0800026f   Thumb Code     0  startup_stm32f40_41xxx.o(.text)
    SPI1_IRQHandler                          0x0800026f   Thumb Code     0  startup_stm32f40_41xxx.o(.text)
    SPI2_IRQHandler                          0x0800026f   Thumb Code     0  startup_stm32f40_41xxx.o(.text)
    SPI3_IRQHandler                          0x0800026f   Thumb Code     0  startup_stm32f40_41xxx.o(.text)
    TAMP_STAMP_IRQHandler                    0x0800026f   Thumb Code     0  startup_stm32f40_41xxx.o(.text)
    TIM1_BRK_TIM9_IRQHandler                 0x0800026f   Thumb Code     0  startup_stm32f40_41xxx.o(.text)
    TIM1_CC_IRQHandler                       0x0800026f   Thumb Code     0  startup_stm32f40_41xxx.o(.text)
    TIM1_TRG_COM_TIM11_IRQHandler            0x0800026f   Thumb Code     0  startup_stm32f40_41xxx.o(.text)
    TIM1_UP_TIM10_IRQHandler                 0x0800026f   Thumb Code     0  startup_stm32f40_41xxx.o(.text)
    TIM2_IRQHandler                          0x0800026f   Thumb Code     0  startup_stm32f40_41xxx.o(.text)
    TIM3_IRQHandler                          0x0800026f   Thumb Code     0  startup_stm32f40_41xxx.o(.text)
    TIM4_IRQHandler                          0x0800026f   Thumb Code     0  startup_stm32f40_41xxx.o(.text)
    TIM5_IRQHandler                          0x0800026f   Thumb Code     0  startup_stm32f40_41xxx.o(.text)
    TIM6_DAC_IRQHandler                      0x0800026f   Thumb Code     0  startup_stm32f40_41xxx.o(.text)
    TIM7_IRQHandler                          0x0800026f   Thumb Code     0  startup_stm32f40_41xxx.o(.text)
    TIM8_BRK_TIM12_IRQHandler                0x0800026f   Thumb Code     0  startup_stm32f40_41xxx.o(.text)
    TIM8_CC_IRQHandler                       0x0800026f   Thumb Code     0  startup_stm32f40_41xxx.o(.text)
    TIM8_TRG_COM_TIM14_IRQHandler            0x0800026f   Thumb Code     0  startup_stm32f40_41xxx.o(.text)
    TIM8_UP_TIM13_IRQHandler                 0x0800026f   Thumb Code     0  startup_stm32f40_41xxx.o(.text)
    UART5_IRQHandler                         0x0800026f   Thumb Code     0  startup_stm32f40_41xxx.o(.text)
    USART1_IRQHandler                        0x0800026f   Thumb Code     0  startup_stm32f40_41xxx.o(.text)
    USART6_IRQHandler                        0x0800026f   Thumb Code     0  startup_stm32f40_41xxx.o(.text)
    WWDG_IRQHandler                          0x0800026f   Thumb Code     0  startup_stm32f40_41xxx.o(.text)
    __aeabi_memcpy                           0x08000279   Thumb Code    36  memcpya.o(.text)
    __aeabi_memcpy4                          0x08000279   Thumb Code     0  memcpya.o(.text)
    __aeabi_memcpy8                          0x08000279   Thumb Code     0  memcpya.o(.text)
    __aeabi_memset                           0x0800029d   Thumb Code    14  memseta.o(.text)
    __aeabi_memset4                          0x0800029d   Thumb Code     0  memseta.o(.text)
    __aeabi_memset8                          0x0800029d   Thumb Code     0  memseta.o(.text)
    __aeabi_memclr                           0x080002ab   Thumb Code     4  memseta.o(.text)
    __aeabi_memclr4                          0x080002ab   Thumb Code     0  memseta.o(.text)
    __aeabi_memclr8                          0x080002ab   Thumb Code     0  memseta.o(.text)
    _memset$wrapper                          0x080002af   Thumb Code    18  memseta.o(.text)
    __scatterload                            0x080002c1   Thumb Code    28  init.o(.text)
    __scatterload_rt2                        0x080002c1   Thumb Code     0  init.o(.text)
    Append_CRC16_Check_Sum                   0x080002e5   Thumb Code    44  verify.o(i.Append_CRC16_Check_Sum)
    BSP_Init                                 0x08000315   Thumb Code    32  bsp_init.o(i.BSP_Init)
    Communicate_Task                         0x08000335   Thumb Code    48  main.o(i.Communicate_Task)
    DMA_ClearITPendingBit                    0x08000371   Thumb Code    38  stm32f4xx_dma.o(i.DMA_ClearITPendingBit)
    DMA_Cmd                                  0x080003a5   Thumb Code    22  stm32f4xx_dma.o(i.DMA_Cmd)
    DMA_DeInit                               0x080003bd   Thumb Code   324  stm32f4xx_dma.o(i.DMA_DeInit)
    DMA_GetCmdStatus                         0x08000515   Thumb Code    20  stm32f4xx_dma.o(i.DMA_GetCmdStatus)
    DMA_Init                                 0x08000529   Thumb Code    82  stm32f4xx_dma.o(i.DMA_Init)
    GPIO_Init                                0x08000581   Thumb Code   144  stm32f4xx_gpio.o(i.GPIO_Init)
    GPIO_PinAFConfig                         0x08000611   Thumb Code    70  stm32f4xx_gpio.o(i.GPIO_PinAFConfig)
    GPIO_SetBits                             0x08000657   Thumb Code     4  stm32f4xx_gpio.o(i.GPIO_SetBits)
    GPIO_ToggleBits                          0x0800065b   Thumb Code     8  stm32f4xx_gpio.o(i.GPIO_ToggleBits)
    Get_CRC16_Check_Sum                      0x08000665   Thumb Code    46  verify.o(i.Get_CRC16_Check_Sum)
    GimbalDataProtocol                       0x08000699   Thumb Code    48  gimbal_protocol.o(i.GimbalDataProtocol)
    GimbalDataSend                           0x080006d5   Thumb Code    82  communicate_task.o(i.GimbalDataSend)
    LEDStateChange                           0x08000739   Thumb Code    62  led_task.o(i.LEDStateChange)
    LED_Task                                 0x08000781   Thumb Code    50  main.o(i.LED_Task)
    Monitor_Task                             0x080007c1   Thumb Code    50  main.o(i.Monitor_Task)
    NVIC_Init                                0x08000801   Thumb Code   106  misc.o(i.NVIC_Init)
    NVIC_PriorityGroupConfig                 0x08000879   Thumb Code    10  misc.o(i.NVIC_PriorityGroupConfig)
    RCC_AHB1PeriphClockCmd                   0x0800088d   Thumb Code    26  stm32f4xx_rcc.o(i.RCC_AHB1PeriphClockCmd)
    RCC_APB1PeriphClockCmd                   0x080008ad   Thumb Code    26  stm32f4xx_rcc.o(i.RCC_APB1PeriphClockCmd)
    RCC_APB1PeriphResetCmd                   0x080008cd   Thumb Code    26  stm32f4xx_rcc.o(i.RCC_APB1PeriphResetCmd)
    RCC_APB2PeriphResetCmd                   0x080008ed   Thumb Code    26  stm32f4xx_rcc.o(i.RCC_APB2PeriphResetCmd)
    RCC_GetClocksFreq                        0x0800090d   Thumb Code   214  stm32f4xx_rcc.o(i.RCC_GetClocksFreq)
    StateDataSend                            0x08000ae1   Thumb Code    74  senddata_task.o(i.StateDataSend)
    StateDataSend_Task                       0x08000b41   Thumb Code    48  main.o(i.StateDataSend_Task)
    SysTick_Handler                          0x08000b7d   Thumb Code   128  stm32f4xx_it.o(i.SysTick_Handler)
    SystemInit                               0x08000c01   Thumb Code    88  system_stm32f4xx.o(i.SystemInit)
    SystemMonitorDetect                      0x08000c69   Thumb Code    26  systemmonitor_task.o(i.SystemMonitorDetect)
    TIM5_Configuration                       0x08000c8d   Thumb Code    50  tim.o(i.TIM5_Configuration)
    TIM_Cmd                                  0x08000cc5   Thumb Code    24  stm32f4xx_tim.o(i.TIM_Cmd)
    TIM_TimeBaseInit                         0x08000cdd   Thumb Code   104  stm32f4xx_tim.o(i.TIM_TimeBaseInit)
    Task_Create                              0x08000d61   Thumb Code   106  main.o(i.Task_Create)
    UART4_IRQHandler                         0x08000e35   Thumb Code    70  stm32f4xx_it.o(i.UART4_IRQHandler)
    USART2_IRQHandler                        0x08000e8d   Thumb Code    36  stm32f4xx_it.o(i.USART2_IRQHandler)
    USART3_IRQHandler                        0x08000eb9   Thumb Code    66  stm32f4xx_it.o(i.USART3_IRQHandler)
    USART_Cmd                                0x08000f09   Thumb Code    24  stm32f4xx_usart.o(i.USART_Cmd)
    USART_DMACmd                             0x08000f21   Thumb Code    18  stm32f4xx_usart.o(i.USART_DMACmd)
    USART_DeInit                             0x08000f35   Thumb Code   206  stm32f4xx_usart.o(i.USART_DeInit)
    USART_GetITStatus                        0x08001025   Thumb Code    84  stm32f4xx_usart.o(i.USART_GetITStatus)
    USART_ITConfig                           0x08001079   Thumb Code    74  stm32f4xx_usart.o(i.USART_ITConfig)
    USART_Init                               0x080010c5   Thumb Code   204  stm32f4xx_usart.o(i.USART_Init)
    Verify_CRC16_Check_Sum                   0x08001199   Thumb Code    60  verify.o(i.Verify_CRC16_Check_Sum)
    __scatterload_copy                       0x080011d9   Thumb Code    14  handlers.o(i.__scatterload_copy)
    __scatterload_null                       0x080011e7   Thumb Code     2  handlers.o(i.__scatterload_null)
    __scatterload_zeroinit                   0x080011e9   Thumb Code    14  handlers.o(i.__scatterload_zeroinit)
    led_init                                 0x080011f9   Thumb Code   100  led.o(i.led_init)
    main                                     0x08001261   Thumb Code    18  main.o(i.main)
    pvPortMalloc                             0x08001bf9   Thumb Code   296  heap_4.o(i.pvPortMalloc)
    pvTaskIncrementMutexHeldCount            0x08001d35   Thumb Code    26  tasks.o(i.pvTaskIncrementMutexHeldCount)
    pxPortInitialiseStack                    0x08001d55   Thumb Code    38  port.o(i.pxPortInitialiseStack)
    uart4_init                               0x08001d81   Thumb Code   352  usart.o(i.uart4_init)
    usart2_init                              0x08001ef1   Thumb Code   270  usart.o(i.usart2_init)
    usart3_init                              0x08002011   Thumb Code   368  usart.o(i.usart3_init)
    uxListRemove                             0x08002191   Thumb Code    40  list.o(i.uxListRemove)
    vListInitialise                          0x080021b9   Thumb Code    26  list.o(i.vListInitialise)
    vListInitialiseItem                      0x080021d3   Thumb Code     6  list.o(i.vListInitialiseItem)
    vListInsert                              0x080021d9   Thumb Code    52  list.o(i.vListInsert)
    vListInsertEnd                           0x0800220d   Thumb Code    24  list.o(i.vListInsertEnd)
    vPortEnterCritical                       0x08002225   Thumb Code    76  port.o(i.vPortEnterCritical)
    vPortExitCritical                        0x08002279   Thumb Code    56  port.o(i.vPortExitCritical)
    vPortFree                                0x080022b5   Thumb Code   140  heap_4.o(i.vPortFree)
    vPortSetupTimerInterrupt                 0x08002349   Thumb Code    26  port.o(i.vPortSetupTimerInterrupt)
    vPortValidateInterruptPriority           0x08002369   Thumb Code   106  port.o(i.vPortValidateInterruptPriority)
    vQueueAddToRegistry                      0x080023e1   Thumb Code    38  queue.o(i.vQueueAddToRegistry)
    vQueueWaitForMessageRestricted           0x0800240d   Thumb Code    74  queue.o(i.vQueueWaitForMessageRestricted)
    vTaskDelay                               0x08002459   Thumb Code    82  tasks.o(i.vTaskDelay)
    vTaskMissedYield                         0x080024b5   Thumb Code     8  tasks.o(i.vTaskMissedYield)
    vTaskPlaceOnEventList                    0x080024c1   Thumb Code    52  tasks.o(i.vTaskPlaceOnEventList)
    vTaskPlaceOnEventListRestricted          0x080024f9   Thumb Code    60  tasks.o(i.vTaskPlaceOnEventListRestricted)
    vTaskPriorityInherit                     0x08002539   Thumb Code   164  tasks.o(i.vTaskPriorityInherit)
    vTaskSetTimeOutState                     0x080025e9   Thumb Code    38  tasks.o(i.vTaskSetTimeOutState)
    vTaskStartScheduler                      0x08002619   Thumb Code   118  tasks.o(i.vTaskStartScheduler)
    vTaskSuspendAll                          0x080026ad   Thumb Code    12  tasks.o(i.vTaskSuspendAll)
    vTaskSwitchContext                       0x080026bd   Thumb Code   118  tasks.o(i.vTaskSwitchContext)
    xPortStartScheduler                      0x08002749   Thumb Code   288  port.o(i.xPortStartScheduler)
    xPortSysTickHandler                      0x08002885   Thumb Code    46  port.o(i.xPortSysTickHandler)
    xQueueGenericCreate                      0x080028b9   Thumb Code    88  queue.o(i.xQueueGenericCreate)
    xQueueGenericReceive                     0x08002911   Thumb Code   446  queue.o(i.xQueueGenericReceive)
    xQueueGenericReset                       0x08002ad5   Thumb Code   146  queue.o(i.xQueueGenericReset)
    xQueueGenericSend                        0x08002b6d   Thumb Code   420  queue.o(i.xQueueGenericSend)
    xQueueGenericSendFromISR                 0x08002d15   Thumb Code   248  queue.o(i.xQueueGenericSendFromISR)
    xTaskCheckForTimeOut                     0x08002e0d   Thumb Code   132  tasks.o(i.xTaskCheckForTimeOut)
    xTaskCreate                              0x08002e99   Thumb Code    96  tasks.o(i.xTaskCreate)
    xTaskGetSchedulerState                   0x08002ef9   Thumb Code    24  tasks.o(i.xTaskGetSchedulerState)
    xTaskGetTickCount                        0x08002f19   Thumb Code     6  tasks.o(i.xTaskGetTickCount)
    xTaskIncrementTick                       0x08002f25   Thumb Code   282  tasks.o(i.xTaskIncrementTick)
    xTaskPriorityDisinherit                  0x0800306d   Thumb Code   188  tasks.o(i.xTaskPriorityDisinherit)
    xTaskRemoveFromEventList                 0x08003135   Thumb Code   128  tasks.o(i.xTaskRemoveFromEventList)
    xTaskResumeAll                           0x080031cd   Thumb Code   224  tasks.o(i.xTaskResumeAll)
    xTimerCreateTimerTask                    0x080032d1   Thumb Code    66  timers.o(i.xTimerCreateTimerTask)
    xTimerGenericCommand                     0x08003329   Thumb Code   126  timers.o(i.xTimerGenericCommand)
    CRC8_INIT                                0x080033ac   Data           1  verify.o(.constdata)
    CRC8_TAB                                 0x080033ad   Data         256  verify.o(.constdata)
    CRC16_Table                              0x080034ae   Data         512  verify.o(.constdata)
    Region$$Table$$Base                      0x080036b0   Number         0  anon$$obj.o(Region$$Table)
    Region$$Table$$Limit                     0x080036d0   Number         0  anon$$obj.o(Region$$Table)
    StateDataSendTask_Handler                0x20000000   Data           4  main.o(.data)
    CommunicateTask_Handler                  0x20000004   Data           4  main.o(.data)
    MonitorTask_Handler                      0x20000008   Data           4  main.o(.data)
    LEDTask_Handler                          0x2000000c   Data           4  main.o(.data)
    Test_Queue                               0x20000010   Data           4  main.o(.data)
    stError                                  0x20000024   Data           8  global_declare.o(.data)
    StateDataSendBuff                        0x2000002c   Data          44  global_declare.o(.data)
    GimbalDataBuff                           0x20000058   Data          32  global_declare.o(.data)
    CRC16_INIT                               0x20000078   Data           2  verify.o(.data)
    pxCurrentTCB                             0x2000007c   Data           4  tasks.o(.data)
    SystemCoreClock                          0x200000f0   Data           4  system_stm32f4xx.o(.data)
    AHBPrescTable                            0x200000f4   Data          16  system_stm32f4xx.o(.data)
    stFlag                                   0x20000114   Data          18  global_declare.o(.bss)
    systemMonitor                            0x20000128   Data          56  global_declare.o(.bss)
    TestBox                                  0x20000160   Data          52  global_declare.o(.bss)
    UA3RxDMAbuf                              0x20000194   Data          18  global_declare.o(.bss)
    UA4RxDMAbuf                              0x200001a6   Data          20  global_declare.o(.bss)
    xQueueRegistry                           0x200001bc   Data          64  queue.o(.bss)
    __initial_sp                             0x200132f0   Data           0  startup_stm32f40_41xxx.o(STACK)



==============================================================================

Memory Map of the image

  Image Entry point : 0x08000189

  Load Region LR_IROM1 (Base: 0x08000000, Size: 0x000037e4, Max: 0x00080000, ABSOLUTE)

    Execution Region ER_IROM1 (Base: 0x08000000, Size: 0x000036d0, Max: 0x00080000, ABSOLUTE)

    Base Addr    Size         Type   Attr      Idx    E Section Name        Object

    0x08000000   0x00000188   Data   RO         1614    RESET               startup_stm32f40_41xxx.o
    0x08000188   0x00000000   Code   RO         3943  * .ARM.Collect$$$$00000000  mc_w.l(entry.o)
    0x08000188   0x00000004   Code   RO         3952    .ARM.Collect$$$$00000001  mc_w.l(entry2.o)
    0x0800018c   0x00000004   Code   RO         3955    .ARM.Collect$$$$00000004  mc_w.l(entry5.o)
    0x08000190   0x00000000   Code   RO         3957    .ARM.Collect$$$$00000008  mc_w.l(entry7b.o)
    0x08000190   0x00000000   Code   RO         3959    .ARM.Collect$$$$0000000A  mc_w.l(entry8b.o)
    0x08000190   0x00000008   Code   RO         3960    .ARM.Collect$$$$0000000B  mc_w.l(entry9a.o)
    0x08000198   0x00000000   Code   RO         3962    .ARM.Collect$$$$0000000D  mc_w.l(entry10a.o)
    0x08000198   0x00000000   Code   RO         3964    .ARM.Collect$$$$0000000F  mc_w.l(entry11a.o)
    0x08000198   0x00000004   Code   RO         3953    .ARM.Collect$$$$00002712  mc_w.l(entry2.o)
    0x0800019c   0x000000b6   Code   RO         1535    .emb_text           port.o
    0x08000252   0x00000002   PAD
    0x08000254   0x00000024   Code   RO         1615    .text               startup_stm32f40_41xxx.o
    0x08000278   0x00000024   Code   RO         3946    .text               mc_w.l(memcpya.o)
    0x0800029c   0x00000024   Code   RO         3948    .text               mc_w.l(memseta.o)
    0x080002c0   0x00000024   Code   RO         3966    .text               mc_w.l(init.o)
    0x080002e4   0x00000030   Code   RO          338    i.Append_CRC16_Check_Sum  verify.o
    0x08000314   0x00000020   Code   RO          299    i.BSP_Init          bsp_init.o
    0x08000334   0x0000003c   Code   RO            4    i.Communicate_Task  main.o
    0x08000370   0x00000034   Code   RO         2122    i.DMA_ClearITPendingBit  stm32f4xx_dma.o
    0x080003a4   0x00000016   Code   RO         2123    i.DMA_Cmd           stm32f4xx_dma.o
    0x080003ba   0x00000002   PAD
    0x080003bc   0x00000158   Code   RO         2124    i.DMA_DeInit        stm32f4xx_dma.o
    0x08000514   0x00000014   Code   RO         2128    i.DMA_GetCmdStatus  stm32f4xx_dma.o
    0x08000528   0x00000058   Code   RO         2135    i.DMA_Init          stm32f4xx_dma.o
    0x08000580   0x00000090   Code   RO         2455    i.GPIO_Init         stm32f4xx_gpio.o
    0x08000610   0x00000046   Code   RO         2456    i.GPIO_PinAFConfig  stm32f4xx_gpio.o
    0x08000656   0x00000004   Code   RO         2463    i.GPIO_SetBits      stm32f4xx_gpio.o
    0x0800065a   0x00000008   Code   RO         2465    i.GPIO_ToggleBits   stm32f4xx_gpio.o
    0x08000662   0x00000002   PAD
    0x08000664   0x00000034   Code   RO          340    i.Get_CRC16_Check_Sum  verify.o
    0x08000698   0x0000003c   Code   RO          396    i.GimbalDataProtocol  gimbal_protocol.o
    0x080006d4   0x00000064   Code   RO          495    i.GimbalDataSend    communicate_task.o
    0x08000738   0x00000048   Code   RO          447    i.LEDStateChange    led_task.o
    0x08000780   0x00000040   Code   RO            5    i.LED_Task          main.o
    0x080007c0   0x00000040   Code   RO            6    i.Monitor_Task      main.o
    0x08000800   0x00000078   Code   RO         1660    i.NVIC_Init         misc.o
    0x08000878   0x00000014   Code   RO         1661    i.NVIC_PriorityGroupConfig  misc.o
    0x0800088c   0x00000020   Code   RO         2556    i.RCC_AHB1PeriphClockCmd  stm32f4xx_rcc.o
    0x080008ac   0x00000020   Code   RO         2565    i.RCC_APB1PeriphClockCmd  stm32f4xx_rcc.o
    0x080008cc   0x00000020   Code   RO         2567    i.RCC_APB1PeriphResetCmd  stm32f4xx_rcc.o
    0x080008ec   0x00000020   Code   RO         2570    i.RCC_APB2PeriphResetCmd  stm32f4xx_rcc.o
    0x0800090c   0x000000e8   Code   RO         2577    i.RCC_GetClocksFreq  stm32f4xx_rcc.o
    0x080009f4   0x000000ec   Code   RO         1622    i.SetSysClock       system_stm32f4xx.o
    0x08000ae0   0x00000060   Code   RO          471    i.StateDataSend     senddata_task.o
    0x08000b40   0x0000003c   Code   RO            7    i.StateDataSend_Task  main.o
    0x08000b7c   0x00000084   Code   RO          247    i.SysTick_Handler   stm32f4xx_it.o
    0x08000c00   0x00000068   Code   RO         1624    i.SystemInit        system_stm32f4xx.o
    0x08000c68   0x00000024   Code   RO          423    i.SystemMonitorDetect  systemmonitor_task.o
    0x08000c8c   0x00000038   Code   RO          626    i.TIM5_Configuration  tim.o
    0x08000cc4   0x00000018   Code   RO         3138    i.TIM_Cmd           stm32f4xx_tim.o
    0x08000cdc   0x00000084   Code   RO         3210    i.TIM_TimeBaseInit  stm32f4xx_tim.o
    0x08000d60   0x000000d4   Code   RO            8    i.Task_Create       main.o
    0x08000e34   0x00000058   Code   RO          248    i.UART4_IRQHandler  stm32f4xx_it.o
    0x08000e8c   0x0000002c   Code   RO          249    i.USART2_IRQHandler  stm32f4xx_it.o
    0x08000eb8   0x00000050   Code   RO          250    i.USART3_IRQHandler  stm32f4xx_it.o
    0x08000f08   0x00000018   Code   RO         3692    i.USART_Cmd         stm32f4xx_usart.o
    0x08000f20   0x00000012   Code   RO         3693    i.USART_DMACmd      stm32f4xx_usart.o
    0x08000f32   0x00000002   PAD
    0x08000f34   0x000000f0   Code   RO         3694    i.USART_DeInit      stm32f4xx_usart.o
    0x08001024   0x00000054   Code   RO         3696    i.USART_GetITStatus  stm32f4xx_usart.o
    0x08001078   0x0000004a   Code   RO         3698    i.USART_ITConfig    stm32f4xx_usart.o
    0x080010c2   0x00000002   PAD
    0x080010c4   0x000000d4   Code   RO         3699    i.USART_Init        stm32f4xx_usart.o
    0x08001198   0x00000040   Code   RO          342    i.Verify_CRC16_Check_Sum  verify.o
    0x080011d8   0x0000000e   Code   RO         3970    i.__scatterload_copy  mc_w.l(handlers.o)
    0x080011e6   0x00000002   Code   RO         3971    i.__scatterload_null  mc_w.l(handlers.o)
    0x080011e8   0x0000000e   Code   RO         3972    i.__scatterload_zeroinit  mc_w.l(handlers.o)
    0x080011f6   0x00000002   PAD
    0x080011f8   0x00000068   Code   RO          650    i.led_init          led.o
    0x08001260   0x00000012   Code   RO            9    i.main              main.o
    0x08001272   0x00000002   PAD
    0x08001274   0x00000098   Code   RO         1013    i.prvAddCurrentTaskToDelayedList  tasks.o
    0x0800130c   0x000000b8   Code   RO         1014    i.prvAddNewTaskToReadyList  tasks.o
    0x080013c4   0x00000064   Code   RO         1356    i.prvCheckForValidListAndQueue  timers.o
    0x08001428   0x00000064   Code   RO         1015    i.prvCheckTasksWaitingTermination  tasks.o
    0x0800148c   0x0000002a   Code   RO          815    i.prvCopyDataFromQueue  queue.o
    0x080014b6   0x0000007c   Code   RO          816    i.prvCopyDataToQueue  queue.o
    0x08001532   0x00000012   Code   RO         1016    i.prvDeleteTCB      tasks.o
    0x08001544   0x00000028   Code   RO         1357    i.prvGetNextExpireTime  timers.o
    0x0800156c   0x0000007c   Code   RO         1486    i.prvHeapInit       heap_4.o
    0x080015e8   0x00000028   Code   RO         1017    i.prvIdleTask       tasks.o
    0x08001610   0x0000002a   Code   RO          818    i.prvInitialiseNewQueue  queue.o
    0x0800163a   0x000000b4   Code   RO         1018    i.prvInitialiseNewTask  tasks.o
    0x080016ee   0x00000002   PAD
    0x080016f0   0x00000068   Code   RO         1019    i.prvInitialiseTaskLists  tasks.o
    0x08001758   0x00000068   Code   RO         1487    i.prvInsertBlockIntoFreeList  heap_4.o
    0x080017c0   0x00000058   Code   RO         1359    i.prvInsertTimerInActiveList  timers.o
    0x08001818   0x0000001a   Code   RO          819    i.prvIsQueueEmpty   queue.o
    0x08001832   0x0000001e   Code   RO          820    i.prvIsQueueFull    queue.o
    0x08001850   0x00000064   Code   RO         1360    i.prvProcessExpiredTimer  timers.o
    0x080018b4   0x000000f8   Code   RO         1361    i.prvProcessReceivedCommands  timers.o
    0x080019ac   0x00000074   Code   RO         1362    i.prvProcessTimerOrBlockTask  timers.o
    0x08001a20   0x00000034   Code   RO         1021    i.prvResetNextTaskUnblockTime  tasks.o
    0x08001a54   0x0000002c   Code   RO         1363    i.prvSampleTimeNow  timers.o
    0x08001a80   0x000000a0   Code   RO         1364    i.prvSwitchTimerLists  timers.o
    0x08001b20   0x00000040   Code   RO         1536    i.prvTaskExitError  port.o
    0x08001b60   0x0000001a   Code   RO         1365    i.prvTimerTask      timers.o
    0x08001b7a   0x0000007e   Code   RO          821    i.prvUnlockQueue    queue.o
    0x08001bf8   0x0000013c   Code   RO         1488    i.pvPortMalloc      heap_4.o
    0x08001d34   0x00000020   Code   RO         1024    i.pvTaskIncrementMutexHeldCount  tasks.o
    0x08001d54   0x0000002c   Code   RO         1537    i.pxPortInitialiseStack  port.o
    0x08001d80   0x00000170   Code   RO          578    i.uart4_init        usart.o
    0x08001ef0   0x00000120   Code   RO          579    i.usart2_init       usart.o
    0x08002010   0x00000180   Code   RO          580    i.usart3_init       usart.o
    0x08002190   0x00000028   Code   RO          778    i.uxListRemove      list.o
    0x080021b8   0x0000001a   Code   RO          779    i.vListInitialise   list.o
    0x080021d2   0x00000006   Code   RO          780    i.vListInitialiseItem  list.o
    0x080021d8   0x00000034   Code   RO          781    i.vListInsert       list.o
    0x0800220c   0x00000018   Code   RO          782    i.vListInsertEnd    list.o
    0x08002224   0x00000054   Code   RO         1539    i.vPortEnterCritical  port.o
    0x08002278   0x0000003c   Code   RO         1540    i.vPortExitCritical  port.o
    0x080022b4   0x00000094   Code   RO         1489    i.vPortFree         heap_4.o
    0x08002348   0x00000020   Code   RO         1541    i.vPortSetupTimerInterrupt  port.o
    0x08002368   0x00000078   Code   RO         1542    i.vPortValidateInterruptPriority  port.o
    0x080023e0   0x0000002c   Code   RO          827    i.vQueueAddToRegistry  queue.o
    0x0800240c   0x0000004a   Code   RO          831    i.vQueueWaitForMessageRestricted  queue.o
    0x08002456   0x00000002   PAD
    0x08002458   0x0000005c   Code   RO         1033    i.vTaskDelay        tasks.o
    0x080024b4   0x0000000c   Code   RO         1038    i.vTaskMissedYield  tasks.o
    0x080024c0   0x00000038   Code   RO         1040    i.vTaskPlaceOnEventList  tasks.o
    0x080024f8   0x00000040   Code   RO         1041    i.vTaskPlaceOnEventListRestricted  tasks.o
    0x08002538   0x000000b0   Code   RO         1043    i.vTaskPriorityInherit  tasks.o
    0x080025e8   0x00000030   Code   RO         1047    i.vTaskSetTimeOutState  tasks.o
    0x08002618   0x00000094   Code   RO         1048    i.vTaskStartScheduler  tasks.o
    0x080026ac   0x00000010   Code   RO         1050    i.vTaskSuspendAll   tasks.o
    0x080026bc   0x0000008c   Code   RO         1051    i.vTaskSwitchContext  tasks.o
    0x08002748   0x0000013c   Code   RO         1543    i.xPortStartScheduler  port.o
    0x08002884   0x00000034   Code   RO         1544    i.xPortSysTickHandler  port.o
    0x080028b8   0x00000058   Code   RO          834    i.xQueueGenericCreate  queue.o
    0x08002910   0x000001c4   Code   RO          835    i.xQueueGenericReceive  queue.o
    0x08002ad4   0x00000098   Code   RO          836    i.xQueueGenericReset  queue.o
    0x08002b6c   0x000001a8   Code   RO          837    i.xQueueGenericSend  queue.o
    0x08002d14   0x000000f8   Code   RO          838    i.xQueueGenericSendFromISR  queue.o
    0x08002e0c   0x0000008c   Code   RO         1052    i.xTaskCheckForTimeOut  tasks.o
    0x08002e98   0x00000060   Code   RO         1053    i.xTaskCreate       tasks.o
    0x08002ef8   0x00000020   Code   RO         1057    i.xTaskGetSchedulerState  tasks.o
    0x08002f18   0x0000000c   Code   RO         1058    i.xTaskGetTickCount  tasks.o
    0x08002f24   0x00000148   Code   RO         1060    i.xTaskIncrementTick  tasks.o
    0x0800306c   0x000000c8   Code   RO         1063    i.xTaskPriorityDisinherit  tasks.o
    0x08003134   0x00000098   Code   RO         1064    i.xTaskRemoveFromEventList  tasks.o
    0x080031cc   0x00000104   Code   RO         1066    i.xTaskResumeAll    tasks.o
    0x080032d0   0x00000058   Code   RO         1369    i.xTimerCreateTimerTask  timers.o
    0x08003328   0x00000084   Code   RO         1370    i.xTimerGenericCommand  timers.o
    0x080033ac   0x00000302   Data   RO          344    .constdata          verify.o
    0x080036ae   0x00000002   PAD
    0x080036b0   0x00000020   Data   RO         3968    Region$$Table       anon$$obj.o


    Execution Region RW_IRAM1 (Base: 0x20000000, Size: 0x000132f0, Max: 0x00020000, ABSOLUTE)

    Base Addr    Size         Type   Attr      Idx    E Section Name        Object

    0x20000000   0x00000024   Data   RW           10    .data               main.o
    0x20000024   0x00000054   Data   RW          219    .data               global_declare.o
    0x20000078   0x00000002   Data   RW          345    .data               verify.o
    0x2000007a   0x00000002   PAD
    0x2000007c   0x0000003c   Data   RW         1069    .data               tasks.o
    0x200000b8   0x00000014   Data   RW         1376    .data               timers.o
    0x200000cc   0x00000018   Data   RW         1494    .data               heap_4.o
    0x200000e4   0x0000000c   Data   RW         1545    .data               port.o
    0x200000f0   0x00000014   Data   RW         1625    .data               system_stm32f4xx.o
    0x20000104   0x00000010   Data   RW         2609    .data               stm32f4xx_rcc.o
    0x20000114   0x000000a6   Zero   RW          218    .bss                global_declare.o
    0x200001ba   0x00000002   PAD
    0x200001bc   0x00000040   Zero   RW          846    .bss                queue.o
    0x200001fc   0x000000c8   Zero   RW         1068    .bss                tasks.o
    0x200002c4   0x00000028   Zero   RW         1375    .bss                timers.o
    0x200002ec   0x00012c00   Zero   RW         1493    .bss                heap_4.o
    0x20012eec   0x00000004   PAD
    0x20012ef0   0x00000400   Zero   RW         1612    STACK               startup_stm32f40_41xxx.o


==============================================================================

Image component sizes


      Code (inc. data)   RO Data    RW Data    ZI Data      Debug   Object Name

        32          0          0          0          0        495   bsp_init.o
       100         18          0          0          0        541   communicate_task.o
         0          0          0          0          0      11848   event_groups.o
        60         12          0          0          0        529   gimbal_protocol.o
         0          0          0         84        166        816   global_declare.o
       692         62          0         24      76800       4411   heap_4.o
       104          4          0          0          0        531   led.o
        72         10          0          0          0        521   led_task.o
       148          0          0          0          0       3238   list.o
       478        158          0         36          0     315694   main.o
       140         24          0          0          0       1579   misc.o
       954         92          0         12          0      11457   port.o
      1872         22          0          0         64      13265   queue.o
        96         22          0          0          0        528   senddata_task.o
        36          8        392          0       1024        872   startup_stm32f40_41xxx.o
       526         40          0          0          0       4393   stm32f4xx_dma.o
       226          0          0          0          0       2948   stm32f4xx_gpio.o
       344         44          0          0          0       2157   stm32f4xx_it.o
       360         42          0         16          0       5288   stm32f4xx_rcc.o
       156         28          0          0          0       1853   stm32f4xx_tim.o
       652         42          0          0          0       5032   stm32f4xx_usart.o
       340         32          0         20          0       1909   system_stm32f4xx.o
        36         10          0          0          0        506   systemmonitor_task.o
      2834        368          0         60        200      22237   tasks.o
        56          6          0          0          0        537   tim.o
      1142        118          0         20         40      17207   timers.o
      1040         50          0          0          0       2469   usart.o
       164         14        770          2          0       2692   verify.o

    ----------------------------------------------------------------------
     12676       1226       1196        276      78300     435553   Object Totals
         0          0         32          0          0          0   (incl. Generated)
        16          0          2          2          6          0   (incl. Padding)

    ----------------------------------------------------------------------

      Code (inc. data)   RO Data    RW Data    ZI Data      Debug   Library Member Name

         0          0          0          0          0          0   entry.o
         0          0          0          0          0          0   entry10a.o
         0          0          0          0          0          0   entry11a.o
         8          4          0          0          0          0   entry2.o
         4          0          0          0          0          0   entry5.o
         0          0          0          0          0          0   entry7b.o
         0          0          0          0          0          0   entry8b.o
         8          4          0          0          0          0   entry9a.o
        30          0          0          0          0          0   handlers.o
        36          8          0          0          0         68   init.o
        36          0          0          0          0         68   memcpya.o
        36          0          0          0          0        108   memseta.o

    ----------------------------------------------------------------------
       160         16          0          0          0        244   Library Totals
         2          0          0          0          0          0   (incl. Padding)

    ----------------------------------------------------------------------

      Code (inc. data)   RO Data    RW Data    ZI Data      Debug   Library Name

       158         16          0          0          0        244   mc_w.l

    ----------------------------------------------------------------------
       160         16          0          0          0        244   Library Totals

    ----------------------------------------------------------------------

==============================================================================


      Code (inc. data)   RO Data    RW Data    ZI Data      Debug   

     12836       1242       1196        276      78300     424549   Grand Totals
     12836       1242       1196        276      78300     424549   ELF Image Totals
     12836       1242       1196        276          0          0   ROM Totals

==============================================================================

    Total RO  Size (Code + RO Data)                14032 (  13.70kB)
    Total RW  Size (RW Data + ZI Data)             78576 (  76.73kB)
    Total ROM Size (Code + RO Data + RW Data)      14308 (  13.97kB)

==============================================================================

